<html>
<body>
<pre>
<h1>µVision Build Log</h1>
<h2>Tool Versions:</h2>
IDE-Version: µVision V5.38.0.0
Copyright (C) 2022 ARM Ltd and ARM Germany GmbH. All rights reserved.
License Information: a Huu, sanslab, LIC=TIVNB-2P2VI-LQD0Q-NR2AD-TP518-TRZFA
 
Tool Versions:
Toolchain:       MDK-ARM Plus  Version: 5.38.0.0
Toolchain Path:  C:\Keil_v5\ARM\v5\Bin
C Compiler:      Armcc.exe V5.06 update 7 (build 960)
Assembler:       Armasm.exe V5.06 update 7 (build 960)
Linker/Locator:  ArmLink.exe V5.06 update 7 (build 960)
Library Manager: ArmAr.exe V5.06 update 7 (build 960)
Hex Converter:   FromElf.exe V5.06 update 7 (build 960)
CPU DLL:         SARMCM3.DLL V5.38.0.0
Dialog DLL:      DCM.DLL V1.17.5.0
Target DLL:      STLink\ST-LINKIII-KEIL_SWO.dll V3.1.0.0
Dialog DLL:      TCM.DLL V1.56.4.0
 
<h2>Project:</h2>
C:\Users\ByNG\OneDrive - Hanoi University of Science and Technology\Notebooks\Lab\NguyenHuuBinh\DATN\Node_2024\MDK-ARM\Node_2024.uvprojx
Project File Date:  06/27/2024

<h2>Output:</h2>
*** Using Compiler 'V5.06 update 7 (build 960)', folder: 'C:\Keil_v5\ARM\v5\Bin'
*** Warning: You are compiling one or more files of source type C++ and have selected 'use MicroLIB'. MicroLIB does not support C++!
  
Build target 'Node_2024'
Note: source file '..\Src\main.c' - object file renamed from 'Node_2024\main.o' to 'Node_2024\main_1.o'.
compiling task_LoRa.cpp...
..\USER_CODE\Apps\Tasks\task_LoRa.cpp(222): warning:  #177-D: variable "ret"  was declared but never referenced
  	Std_ReturnType ret = STD_NOT_OK;
..\USER_CODE\Apps\Tasks\task_LoRa.cpp(249): warning:  #61-D: integer operation result is out of range
  	if(macMsgData.FHDR.DevAddr != DEV_ADDR)
..\USER_CODE\Apps\Tasks\task_LoRa.cpp(233): warning:  #177-D: variable "pktHeaderLen"  was declared but never referenced
  	uint8_t pktHeaderLen = 0;
..\USER_CODE\Apps\Tasks\task_LoRa.cpp(69): warning:  #177-D: variable "next"  was declared but never referenced
  static uint32_t next = 1;
..\USER_CODE\Apps\Tasks\task_LoRa.cpp(102): warning:  #177-D: function "hal_sleep"  was declared but never referenced
  static void hal_sleep(void);
..\USER_CODE\Apps\Tasks\task_LoRa.cpp(188): warning:  #177-D: function "LoRaNodeSV_SendData_CSMA"  was declared but never referenced
  static Std_ReturnType LoRaNodeSV_SendData_CSMA(Sx127x_t *sx127x, const uint8_t* data, uint16_t len, uint16_t backoff_time, uint16_t tx_timeout, uint16_t cad_timeout)
..\USER_CODE\Apps\Tasks\task_LoRa.cpp(220): warning:  #177-D: function "LoRaSV_SendACK"  was declared but never referenced
  static Std_ReturnType LoRaSV_SendACK(void)
..\USER_CODE\Apps\Tasks\task_LoRa.cpp(350): warning:  #177-D: function "Enter_SleepMode"  was declared but never referenced
  static void Enter_SleepMode(void)
..\USER_CODE\Apps\Tasks\task_LoRa.cpp(362): warning:  #177-D: function "enter_Standby"  was declared but never referenced
  static void enter_Standby( void )
..\USER_CODE\Apps\Tasks\task_LoRa.cpp: 9 warnings, 0 errors
linking...
Program Size: Code=22768 RO-data=464 RW-data=860 ZI-data=18596  
FromELF: creating hex file...
"Node_2024\Node_2024.axf" - 0 Error(s), 9 Warning(s).

<h2>Software Packages used:</h2>

Package Vendor: ARM
                http://www.keil.com/pack/ARM.CMSIS.5.9.0.pack
                ARM.CMSIS.5.9.0
                CMSIS (Common Microcontroller Software Interface Standard)
   * Component: CORE Version: 5.6.0

Package Vendor: Keil
                https://www.keil.com/pack/Keil.STM32F4xx_DFP.2.17.1.pack
                Keil.STM32F4xx_DFP.2.17.1
                STMicroelectronics STM32F4 Series Device Support, Drivers and Examples

<h2>Collection of Component include folders:</h2>
  ./RTE/_Node_2024
  C:/Users/ByNG/AppData/Local/Arm/Packs/ARM/CMSIS/5.9.0/CMSIS/Core/Include
  C:/Users/ByNG/AppData/Local/Arm/Packs/Keil/STM32F4xx_DFP/2.17.1/Drivers/CMSIS/Device/ST/STM32F4xx/Include

<h2>Collection of Component Files used:</h2>

   * Component: ARM::CMSIS:CORE:5.6.0
Build Time Elapsed:  00:00:04
</pre>
</body>
</html>
