Component: ARM Compiler 5.06 update 7 (build 960) Tool: armlink [4d3601]

==============================================================================

Section Cross References

    startup_stm32f407xx.o(RESET) refers to startup_stm32f407xx.o(STACK) for __initial_sp
    startup_stm32f407xx.o(RESET) refers to startup_stm32f407xx.o(.text) for Reset_Handler
    startup_stm32f407xx.o(RESET) refers to stm32f4xx_it.o(i.NMI_Handler) for NMI_Handler
    startup_stm32f407xx.o(RESET) refers to stm32f4xx_it.o(i.HardFault_Handler) for HardFault_Handler
    startup_stm32f407xx.o(RESET) refers to stm32f4xx_it.o(i.MemManage_Handler) for MemManage_Handler
    startup_stm32f407xx.o(RESET) refers to stm32f4xx_it.o(i.BusFault_Handler) for BusFault_Handler
    startup_stm32f407xx.o(RESET) refers to stm32f4xx_it.o(i.UsageFault_Handler) for UsageFault_Handler
    startup_stm32f407xx.o(RESET) refers to port.o(.emb_text) for SVC_Handler
    startup_stm32f407xx.o(RESET) refers to stm32f4xx_it.o(i.DebugMon_Handler) for DebugMon_Handler
    startup_stm32f407xx.o(RESET) refers to port.o(i.SysTick_Handler) for SysTick_Handler
    startup_stm32f407xx.o(RESET) refers to stm32f4xx_it.o(i.RCC_IRQHandler) for RCC_IRQHandler
    startup_stm32f407xx.o(RESET) refers to stm32f4xx_it.o(i.USART3_IRQHandler) for USART3_IRQHandler
    startup_stm32f407xx.o(RESET) refers to stm32f4xx_it.o(i.TIM6_DAC_IRQHandler) for TIM6_DAC_IRQHandler
    startup_stm32f407xx.o(RESET) refers to stm32f4xx_it.o(i.USART6_IRQHandler) for USART6_IRQHandler
    startup_stm32f407xx.o(.text) refers to system_stm32f4xx.o(i.SystemInit) for SystemInit
    startup_stm32f407xx.o(.text) refers to entry.o(.ARM.Collect$$$$00000000) for __main
    main_1.o(i.HAL_TIM_PeriodElapsedCallback) refers to stm32f4xx_hal.o(i.HAL_IncTick) for HAL_IncTick
    main_1.o(i._Z18SystemClock_Configv) refers to memseta.o(.text) for __aeabi_memclr4
    main_1.o(i._Z18SystemClock_Configv) refers to stm32f4xx_hal_rcc.o(i.HAL_RCC_OscConfig) for HAL_RCC_OscConfig
    main_1.o(i._Z18SystemClock_Configv) refers to stm32f4xx_hal_rcc.o(i.HAL_RCC_ClockConfig) for HAL_RCC_ClockConfig
    main_1.o(i.main) refers to stm32f4xx_hal.o(i.HAL_Init) for HAL_Init
    main_1.o(i.main) refers to main_1.o(i._Z18SystemClock_Configv) for SystemClock_Config()
    main_1.o(i.main) refers to gpio.o(i.MX_GPIO_Init) for MX_GPIO_Init
    main_1.o(i.main) refers to usart.o(i.MX_USART1_UART_Init) for MX_USART1_UART_Init
    main_1.o(i.main) refers to usart.o(i.MX_USART2_UART_Init) for MX_USART2_UART_Init
    main_1.o(i.main) refers to spi.o(i.MX_SPI2_Init) for MX_SPI2_Init
    main_1.o(i.main) refers to rtc.o(i.MX_RTC_Init) for MX_RTC_Init
    main_1.o(i.main) refers to spi.o(i.MX_SPI1_Init) for MX_SPI1_Init
    main_1.o(i.main) refers to iwdg.o(i.MX_IWDG_Init) for MX_IWDG_Init
    main_1.o(i.main) refers to rng.o(i.MX_RNG_Init) for MX_RNG_Init
    main_1.o(i.main) refers to usart.o(i.MX_UART4_Init) for MX_UART4_Init
    main_1.o(i.main) refers to usart.o(i.MX_UART5_Init) for MX_UART5_Init
    main_1.o(i.main) refers to usart.o(i.MX_USART3_UART_Init) for MX_USART3_UART_Init
    main_1.o(i.main) refers to usart.o(i.MX_USART6_UART_Init) for MX_USART6_UART_Init
    main_1.o(i.main) refers to common.o(i.Set_Default_System_Config) for Set_Default_System_Config
    main_1.o(i.main) refers to tasks.o(i.xTaskCreate) for xTaskCreate
    main_1.o(i.main) refers to debug_hal.o(i.DEBUG_D) for DEBUG_D
    main_1.o(i.main) refers to cmsis_os.o(i.osKernelStart) for osKernelStart
    main_1.o(i.main) refers to task_watchdog.o(i._Z16task_sysWatchDogPv) for task_sysWatchDog(void*)
    main_1.o(i.main) refers to stdout.o(.data) for __stdout
    main_1.o(i.main) refers to task_lora.o(i._Z9Task_LoRaPv) for Task_LoRa(void*)
    main_1.o(.ARM.exidx) refers to main_1.o(i.Error_Handler) for i.Error_Handler
    main_1.o(.ARM.exidx) refers to main_1.o(i._Z18SystemClock_Configv) for i._Z18SystemClock_Configv
    main_1.o(.ARM.exidx) refers to main_1.o(i.main) for i.main
    main_1.o(.ARM.exidx) refers to main_1.o(i.HAL_TIM_PeriodElapsedCallback) for i.HAL_TIM_PeriodElapsedCallback
    gpio.o(i.MX_GPIO_Init) refers to memseta.o(.text) for __aeabi_memclr4
    gpio.o(i.MX_GPIO_Init) refers to stm32f4xx_hal_gpio.o(i.HAL_GPIO_WritePin) for HAL_GPIO_WritePin
    gpio.o(i.MX_GPIO_Init) refers to stm32f4xx_hal_gpio.o(i.HAL_GPIO_Init) for HAL_GPIO_Init
    freertos.o(i.MX_FREERTOS_Init) refers to memcpya.o(.text) for __aeabi_memcpy4
    freertos.o(i.MX_FREERTOS_Init) refers to cmsis_os.o(i.osThreadCreate) for osThreadCreate
    freertos.o(i.MX_FREERTOS_Init) refers to freertos.o(.constdata) for .constdata
    freertos.o(i.MX_FREERTOS_Init) refers to freertos.o(.data) for .data
    freertos.o(i.StartDefaultTask) refers to cmsis_os.o(i.osDelay) for osDelay
    freertos.o(i.vApplicationGetIdleTaskMemory) refers to freertos.o(.bss) for .bss
    freertos.o(.constdata) refers to freertos.o(.conststring) for .conststring
[...]
    i.Sx127x_SetModeRx                       0x08003178   Section        0  sx127x.o(i.Sx127x_SetModeRx)
    i.Sx127x_SetModeSleep                    0x080031a4   Section        0  sx127x.o(i.Sx127x_SetModeSleep)
    i.Sx127x_SetModeStdby                    0x080031c6   Section        0  sx127x.o(i.Sx127x_SetModeStdby)
    i.Sx127x_SetModeTx                       0x080031ea   Section        0  sx127x.o(i.Sx127x_SetModeTx)
    i.Sx127x_SetModemConfig                  0x08003218   Section        0  sx127x.o(i.Sx127x_SetModemConfig)
    i.Sx127x_SetNetworkId                    0x08003260   Section        0  sx127x.o(i.Sx127x_SetNetworkId)
    i.Sx127x_SetOpMode                       0x08003272   Section        0  sx127x.o(i.Sx127x_SetOpMode)
    i.Sx127x_SetPreambleLength               0x080032a4   Section        0  sx127x.o(i.Sx127x_SetPreambleLength)
    i.Sx127x_SetTxPower                      0x080032c8   Section        0  sx127x.o(i.Sx127x_SetTxPower)
    i.Sx127x_WriteReg                        0x08003336   Section        0  sx127x.o(i.Sx127x_WriteReg)
    i.SysTick_Handler                        0x08003358   Section        0  port.o(i.SysTick_Handler)
    i.SystemInit                             0x08003384   Section        0  system_stm32f4xx.o(i.SystemInit)
    i.TIM6_DAC_IRQHandler                    0x08003394   Section        0  stm32f4xx_it.o(i.TIM6_DAC_IRQHandler)
    i.TIM_Base_SetConfig                     0x080033a0   Section        0  stm32f4xx_hal_tim.o(i.TIM_Base_SetConfig)
    i.UART3_Send                             0x08003468   Section        0  uart1_driver.o(i.UART3_Send)
    i.UART_DMAAbortOnError                   0x0800347c   Section        0  stm32f4xx_hal_uart.o(i.UART_DMAAbortOnError)
    UART_DMAAbortOnError                     0x0800347d   Thumb Code    16  stm32f4xx_hal_uart.o(i.UART_DMAAbortOnError)
    i.UART_EndRxTransfer                     0x0800348c   Section        0  stm32f4xx_hal_uart.o(i.UART_EndRxTransfer)
    UART_EndRxTransfer                       0x0800348d   Thumb Code    78  stm32f4xx_hal_uart.o(i.UART_EndRxTransfer)
    i.UART_Receive_IT                        0x080034da   Section        0  stm32f4xx_hal_uart.o(i.UART_Receive_IT)
    UART_Receive_IT                          0x080034db   Thumb Code   192  stm32f4xx_hal_uart.o(i.UART_Receive_IT)
    i.UART_SetConfig                         0x0800359c   Section        0  stm32f4xx_hal_uart.o(i.UART_SetConfig)
    UART_SetConfig                           0x0800359d   Thumb Code   258  stm32f4xx_hal_uart.o(i.UART_SetConfig)
    i.UART_Start_Receive_IT                  0x080036a8   Section        0  stm32f4xx_hal_uart.o(i.UART_Start_Receive_IT)
    i.UART_WaitOnFlagUntilTimeout            0x080036e2   Section        0  stm32f4xx_hal_uart.o(i.UART_WaitOnFlagUntilTimeout)
    UART_WaitOnFlagUntilTimeout              0x080036e3   Thumb Code   120  stm32f4xx_hal_uart.o(i.UART_WaitOnFlagUntilTimeout)
    i.USART3_IRQHandler                      0x0800375c   Section        0  stm32f4xx_it.o(i.USART3_IRQHandler)
    i.USART6_IRQHandler                      0x08003768   Section        0  stm32f4xx_it.o(i.USART6_IRQHandler)
    i.UsageFault_Handler                     0x08003774   Section        0  stm32f4xx_it.o(i.UsageFault_Handler)
    i._Z15LoRaSV_RxHandlePhh                 0x08003778   Section        0  task_lora.o(i._Z15LoRaSV_RxHandlePhh)
    LoRaSV_RxHandle(unsigned char*, unsigned char) 0x08003779   Thumb Code   280  task_lora.o(i._Z15LoRaSV_RxHandlePhh)
    i._Z16LoRa_MainProcessv                  0x08003954   Section        0  task_lora.o(i._Z16LoRa_MainProcessv)
    LoRa_MainProcess()                       0x08003955   Thumb Code   602  task_lora.o(i._Z16LoRa_MainProcessv)
    i._Z16task_sysWatchDogPv                 0x08003d50   Section        0  task_watchdog.o(i._Z16task_sysWatchDogPv)
    i._Z18DetectorBuff_Resetv                0x08003d7c   Section        0  task_lora.o(i._Z18DetectorBuff_Resetv)
    DetectorBuff_Reset()                     0x08003d7d   Thumb Code    30  task_lora.o(i._Z18DetectorBuff_Resetv)
    i._Z18SystemClock_Configv                0x08003da0   Section        0  main_1.o(i._Z18SystemClock_Configv)
    i._Z26LoRaNodeSV_SendData_NormalP8Sx127x_tPKhtt 0x08003e34   Section        0  task_lora.o(i._Z26LoRaNodeSV_SendData_NormalP8Sx127x_tPKhtt)
    LoRaNodeSV_SendData_Normal(Sx127x_t*, const unsigned char*, unsigned short, unsigned short) 0x08003e35   Thumb Code    14  task_lora.o(i._Z26LoRaNodeSV_SendData_NormalP8Sx127x_tPKhtt)
    i._Z9Task_LoRaPv                         0x08003e44   Section        0  task_lora.o(i._Z9Task_LoRaPv)
    i.__0printf                              0x08003eb8   Section        0  printfa.o(i.__0printf)
    i.__0vsprintf                            0x08003ed8   Section        0  printfa.o(i.__0vsprintf)
    i.__NVIC_SetPriority                     0x08003efc   Section        0  stm32f4xx_hal_cortex.o(i.__NVIC_SetPriority)
    __NVIC_SetPriority                       0x08003efd   Thumb Code    32  stm32f4xx_hal_cortex.o(i.__NVIC_SetPriority)
    i.__scatterload_copy                     0x08003f1c   Section       14  handlers.o(i.__scatterload_copy)
    i.__scatterload_null                     0x08003f2a   Section        2  handlers.o(i.__scatterload_null)
    i.__scatterload_zeroinit                 0x08003f2c   Section       14  handlers.o(i.__scatterload_zeroinit)
    i._fp_digits                             0x08003f3c   Section        0  printfa.o(i._fp_digits)
    _fp_digits                               0x08003f3d   Thumb Code   366  printfa.o(i._fp_digits)
    i._printf_core                           0x080040c0   Section        0  printfa.o(i._printf_core)
    _printf_core                             0x080040c1   Thumb Code  1704  printfa.o(i._printf_core)
    i._printf_post_padding                   0x08004774   Section        0  printfa.o(i._printf_post_padding)
    _printf_post_padding                     0x08004775   Thumb Code    36  printfa.o(i._printf_post_padding)
    i._printf_pre_padding                    0x08004798   Section        0  printfa.o(i._printf_pre_padding)
    _printf_pre_padding                      0x08004799   Thumb Code    46  printfa.o(i._printf_pre_padding)
    i._sputc                                 0x080047c6   Section        0  printfa.o(i._sputc)
    _sputc                                   0x080047c7   Thumb Code    10  printfa.o(i._sputc)
    i.fputc                                  0x080047d0   Section        0  serial_debug.o(i.fputc)
    i.main                                   0x080047e8   Section        0  main_1.o(i.main)
    i.osDelay                                0x080048e4   Section        0  cmsis_os.o(i.osDelay)
    i.osKernelStart                          0x080048f2   Section        0  cmsis_os.o(i.osKernelStart)
    i.prvAddCurrentTaskToDelayedList         0x080048fc   Section        0  tasks.o(i.prvAddCurrentTaskToDelayedList)
    prvAddCurrentTaskToDelayedList           0x080048fd   Thumb Code   102  tasks.o(i.prvAddCurrentTaskToDelayedList)
    i.prvAddNewTaskToReadyList               0x0800496c   Section        0  tasks.o(i.prvAddNewTaskToReadyList)
    prvAddNewTaskToReadyList                 0x0800496d   Thumb Code   194  tasks.o(i.prvAddNewTaskToReadyList)
    i.prvDeleteTCB                           0x08004a3c   Section        0  tasks.o(i.prvDeleteTCB)
    prvDeleteTCB                             0x08004a3d   Thumb Code    52  tasks.o(i.prvDeleteTCB)
    i.prvHeapInit                            0x08004a70   Section        0  heap_4.o(i.prvHeapInit)
    prvHeapInit                              0x08004a71   Thumb Code    66  heap_4.o(i.prvHeapInit)
    i.prvIdleTask                            0x08004abc   Section        0  tasks.o(i.prvIdleTask)
    prvIdleTask                              0x08004abd   Thumb Code    82  tasks.o(i.prvIdleTask)
    i.prvInitialiseNewTask                   0x08004b1c   Section        0  tasks.o(i.prvInitialiseNewTask)
    prvInitialiseNewTask                     0x08004b1d   Thumb Code   152  tasks.o(i.prvInitialiseNewTask)
    i.prvInsertBlockIntoFreeList             0x08004bb4   Section        0  heap_4.o(i.prvInsertBlockIntoFreeList)
    prvInsertBlockIntoFreeList               0x08004bb5   Thumb Code    72  heap_4.o(i.prvInsertBlockIntoFreeList)
    i.prvResetNextTaskUnblockTime            0x08004c00   Section        0  tasks.o(i.prvResetNextTaskUnblockTime)
    prvResetNextTaskUnblockTime              0x08004c01   Thumb Code    26  tasks.o(i.prvResetNextTaskUnblockTime)
    i.prvTaskExitError                       0x08004c20   Section        0  port.o(i.prvTaskExitError)
    prvTaskExitError                         0x08004c21   Thumb Code    36  port.o(i.prvTaskExitError)
    i.pvPortMalloc                           0x08004c48   Section        0  heap_4.o(i.pvPortMalloc)
    i.pxPortInitialiseStack                  0x08004d24   Section        0  port.o(i.pxPortInitialiseStack)
    i.rand1                                  0x08004d50   Section        0  misc.o(i.rand1)
    i.randr                                  0x08004d78   Section        0  misc.o(i.randr)
    i.srand1                                 0x08004d94   Section        0  misc.o(i.srand1)
    i.uxListRemove                           0x08004da0   Section        0  list.o(i.uxListRemove)
    i.vApplicationGetIdleTaskMemory          0x08004dc8   Section        0  freertos.o(i.vApplicationGetIdleTaskMemory)
    i.vListInitialise                        0x08004ddc   Section        0  list.o(i.vListInitialise)
    i.vListInitialiseItem                    0x08004df2   Section        0  list.o(i.vListInitialiseItem)
    i.vListInsert                            0x08004df8   Section        0  list.o(i.vListInsert)
    i.vListInsertEnd                         0x08004e28   Section        0  list.o(i.vListInsertEnd)
    i.vPortEnterCritical                     0x08004e40   Section        0  port.o(i.vPortEnterCritical)
    i.vPortExitCritical                      0x08004e80   Section        0  port.o(i.vPortExitCritical)
    i.vPortFree                              0x08004ea8   Section        0  heap_4.o(i.vPortFree)
    i.vPortSetupTimerInterrupt               0x08004f0c   Section        0  port.o(i.vPortSetupTimerInterrupt)
    i.vTaskDelay                             0x08004f30   Section        0  tasks.o(i.vTaskDelay)
    i.vTaskStartScheduler                    0x08004f7c   Section        0  tasks.o(i.vTaskStartScheduler)
    i.vTaskSuspendAll                        0x08004fe8   Section        0  tasks.o(i.vTaskSuspendAll)
    i.vTaskSwitchContext                     0x08004ff8   Section        0  tasks.o(i.vTaskSwitchContext)
    i.xPortStartScheduler                    0x08005054   Section        0  port.o(i.xPortStartScheduler)
    i.xTaskCreate                            0x08005148   Section        0  tasks.o(i.xTaskCreate)
    i.xTaskCreateStatic                      0x080051a2   Section        0  tasks.o(i.xTaskCreateStatic)
    i.xTaskIncrementTick                     0x080051f8   Section        0  tasks.o(i.xTaskIncrementTick)
    i.xTaskResumeAll                         0x080052c4   Section        0  tasks.o(i.xTaskResumeAll)
    .constdata                               0x08005388   Section       16  system_stm32f4xx.o(.constdata)
    .constdata                               0x08005398   Section        8  system_stm32f4xx.o(.constdata)
    .constdata                               0x080053a0   Section       15  sx127x.o(.constdata)
    MODEM_CONFIG_TABLE                       0x080053a0   Data          15  sx127x.o(.constdata)
    .data                                    0x20000000   Section        2  main_1.o(.data)
    .data                                    0x20000004   Section       12  stm32f4xx_hal.o(.data)
    .data                                    0x20000010   Section        4  system_stm32f4xx.o(.data)
    .data                                    0x20000014   Section       60  tasks.o(.data)
    uxDeletedTasksWaitingCleanUp             0x20000018   Data           4  tasks.o(.data)
    uxCurrentNumberOfTasks                   0x2000001c   Data           4  tasks.o(.data)
    xTickCount                               0x20000020   Data           4  tasks.o(.data)
    uxTopReadyPriority                       0x20000024   Data           4  tasks.o(.data)
    xSchedulerRunning                        0x20000028   Data           4  tasks.o(.data)
    xPendedTicks                             0x2000002c   Data           4  tasks.o(.data)
    xYieldPending                            0x20000030   Data           4  tasks.o(.data)
    xNumOfOverflows                          0x20000034   Data           4  tasks.o(.data)
    uxTaskNumber                             0x20000038   Data           4  tasks.o(.data)
    xNextTaskUnblockTime                     0x2000003c   Data           4  tasks.o(.data)
    xIdleTaskHandle                          0x20000040   Data           4  tasks.o(.data)
    uxSchedulerSuspended                     0x20000044   Data           4  tasks.o(.data)
    pxDelayedTaskList                        0x20000048   Data           4  tasks.o(.data)
    pxOverflowDelayedTaskList                0x2000004c   Data           4  tasks.o(.data)
    .data                                    0x20000050   Section       32  heap_4.o(.data)
    pxEnd                                    0x20000050   Data           4  heap_4.o(.data)
    xFreeBytesRemaining                      0x20000054   Data           4  heap_4.o(.data)
    xMinimumEverFreeBytesRemaining           0x20000058   Data           4  heap_4.o(.data)
    xNumberOfSuccessfulAllocations           0x2000005c   Data           4  heap_4.o(.data)
    xNumberOfSuccessfulFrees                 0x20000060   Data           4  heap_4.o(.data)
    xBlockAllocatedBit                       0x20000064   Data           4  heap_4.o(.data)
    xStart                                   0x20000068   Data           8  heap_4.o(.data)
    .data                                    0x20000070   Section       12  port.o(.data)
    ucMaxSysCallPriority                     0x20000070   Data           1  port.o(.data)
    uxCriticalNesting                        0x20000074   Data           4  port.o(.data)
    ulMaxPRIGROUPValue                       0x20000078   Data           4  port.o(.data)
    .data                                    0x2000007c   Section        4  sx127x_cfg.o(.data)
    .data                                    0x20000080   Section       32  sx127x_cfg.o(.data)
    .data                                    0x200000a0   Section      520  loramac_node_cfg.o(.data)
    .data                                    0x200002a8   Section      164  task_lora.o(.data)
    .data                                    0x2000034c   Section        4  misc.o(.data)
    next                                     0x2000034c   Data           4  misc.o(.data)
    .data                                    0x20000350   Section        2  serial_pipe_hal.o(.data)
    .data                                    0x20000354   Section        4  stdout.o(.data)
    .bss                                     0x20000358   Section      596  freertos.o(.bss)
    xIdleTaskTCBBuffer                       0x20000358   Data          84  freertos.o(.bss)
    xIdleStack                               0x200003ac   Data         512  freertos.o(.bss)
    .bss                                     0x200005ac   Section       12  iwdg.o(.bss)
    .bss                                     0x200005b8   Section       16  rng.o(.bss)
    .bss                                     0x200005c8   Section       32  rtc.o(.bss)
    .bss                                     0x200005e8   Section      176  spi.o(.bss)
    .bss                                     0x20000698   Section      408  usart.o(.bss)
    .bss                                     0x20000830   Section       72  stm32f4xx_hal_timebase_tim.o(.bss)
    .bss                                     0x20000878   Section       32  stm32f4xx_hal_flash.o(.bss)
    .bss                                     0x20000898   Section      240  tasks.o(.bss)
    pxReadyTasksLists                        0x20000898   Data         140  tasks.o(.bss)
    xDelayedTaskList1                        0x20000924   Data          20  tasks.o(.bss)
    xDelayedTaskList2                        0x20000938   Data          20  tasks.o(.bss)
    xPendingReadyList                        0x2000094c   Data          20  tasks.o(.bss)
    xTasksWaitingTermination                 0x20000960   Data          20  tasks.o(.bss)
    xSuspendedTaskList                       0x20000974   Data          20  tasks.o(.bss)
    .bss                                     0x20000988   Section    15360  heap_4.o(.bss)
    ucHeap                                   0x20000988   Data       15360  heap_4.o(.bss)
    .bss                                     0x20004588   Section      203  common.o(.bss)
    .bss                                     0x20004653   Section      300  task_lora.o(.bss)
    .bss                                     0x2000477f   Section      100  serial_pipe_hal.o(.bss)
    STACK                                    0x200047e8   Section     1024  startup_stm32f407xx.o(STACK)

    Global Symbols

    Symbol Name                              Value     Ov Type        Size  Object(Section)

    BuildAttributes$$THM_ISAv4$E$P$D$K$B$S$7EM$VFPi3$EXTD16$VFPS$VFMA$PE$A:L22UL41UL21$X:L11$S22US41US21$IEEE1$IW$USESV6$~STKCKD$USESV7$~SHL$OSPACE$ROPI$EBA8$UX$MICROLIB$REQ8$PRES8$EABIv2 0x00000000   Number         0  anon$$obj.o ABSOLUTE
    __ARM_use_no_argv                        0x00000000   Number         0  main_1.o ABSOLUTE
    _printf_a                                0x00000000   Number         0  stubs.o ABSOLUTE
    _printf_c                                0x00000000   Number         0  stubs.o ABSOLUTE
    _printf_charcount                        0x00000000   Number         0  stubs.o ABSOLUTE
    _printf_d                                0x00000000   Number         0  stubs.o ABSOLUTE
    _printf_e                                0x00000000   Number         0  stubs.o ABSOLUTE
    _printf_f                                0x00000000   Number         0  stubs.o ABSOLUTE
    _printf_flags                            0x00000000   Number         0  stubs.o ABSOLUTE
    _printf_fp_dec                           0x00000000   Number         0  stubs.o ABSOLUTE
    _printf_fp_hex                           0x00000000   Number         0  stubs.o ABSOLUTE
    _printf_g                                0x00000000   Number         0  stubs.o ABSOLUTE
    _printf_i                                0x00000000   Number         0  stubs.o ABSOLUTE
    _printf_int_dec                          0x00000000   Number         0  stubs.o ABSOLUTE
    _printf_l                                0x00000000   Number         0  stubs.o ABSOLUTE
    _printf_lc                               0x00000000   Number         0  stubs.o ABSOLUTE
    _printf_ll                               0x00000000   Number         0  stubs.o ABSOLUTE
    _printf_lld                              0x00000000   Number         0  stubs.o ABSOLUTE
    _printf_lli                              0x00000000   Number         0  stubs.o ABSOLUTE
    _printf_llo                              0x00000000   Number         0  stubs.o ABSOLUTE
    _printf_llu                              0x00000000   Number         0  stubs.o ABSOLUTE
    _printf_llx                              0x00000000   Number         0  stubs.o ABSOLUTE
    _printf_longlong_dec                     0x00000000   Number         0  stubs.o ABSOLUTE
    _printf_longlong_hex                     0x00000000   Number         0  stubs.o ABSOLUTE
    _printf_longlong_oct                     0x00000000   Number         0  stubs.o ABSOLUTE
    _printf_ls                               0x00000000   Number         0  stubs.o ABSOLUTE
    _printf_mbtowc                           0x00000000   Number         0  stubs.o ABSOLUTE
    _printf_n                                0x00000000   Number         0  stubs.o ABSOLUTE
    _printf_o                                0x00000000   Number         0  stubs.o ABSOLUTE
    _printf_p                                0x00000000   Number         0  stubs.o ABSOLUTE
    _printf_percent                          0x00000000   Number         0  stubs.o ABSOLUTE
    _printf_pre_padding                      0x00000000   Number         0  stubs.o ABSOLUTE
    _printf_return_value                     0x00000000   Number         0  stubs.o ABSOLUTE
    _printf_s                                0x00000000   Number         0  stubs.o ABSOLUTE
    _printf_sizespec                         0x00000000   Number         0  stubs.o ABSOLUTE
    _printf_str                              0x00000000   Number         0  stubs.o ABSOLUTE
    _printf_truncate_signed                  0x00000000   Number         0  stubs.o ABSOLUTE
    _printf_truncate_unsigned                0x00000000   Number         0  stubs.o ABSOLUTE
    _printf_u                                0x00000000   Number         0  stubs.o ABSOLUTE
    _printf_wc                               0x00000000   Number         0  stubs.o ABSOLUTE
    _printf_wctomb                           0x00000000   Number         0  stubs.o ABSOLUTE
    _printf_widthprec                        0x00000000   Number         0  stubs.o ABSOLUTE
    _printf_x                                0x00000000   Number         0  stubs.o ABSOLUTE
    SHT$$ARM_EXIDX$$Base                      - Undefined Reference
    SHT$$ARM_EXIDX$$Limit                     - Undefined Reference
    __ARM::default_unexpected_handler()       - Undefined Weak Reference
    __ARM_exceptions_buffer_required          - Undefined Weak Reference
    __aeabi_unwind_cpp_pr1                    - Undefined Weak Reference
    __aeabi_unwind_cpp_pr2                    - Undefined Weak Reference
    __arm_fini_                               - Undefined Weak Reference
    __cpp_initialize__aeabi_                  - Undefined Weak Reference
    __cxa_begin_cleanup                       - Undefined Weak Reference
    __cxa_finalize                            - Undefined Weak Reference
    __cxa_type_match                          - Undefined Weak Reference
    _clock_init                               - Undefined Weak Reference
    _microlib_exit                            - Undefined Weak Reference
    _scanf_longlong                           - Undefined Weak Reference
    _scanf_real                               - Undefined Weak Reference
    _scanf_string                             - Undefined Weak Reference
    __Vectors_Size                           0x00000188   Number         0  startup_stm32f407xx.o ABSOLUTE
    __Vectors                                0x08000000   Data           4  startup_stm32f407xx.o(RESET)
    __Vectors_End                            0x08000188   Data           0  startup_stm32f407xx.o(RESET)
    __main                                   0x08000189   Thumb Code     0  entry.o(.ARM.Collect$$$$00000000)
    _main_stk                                0x08000189   Thumb Code     0  entry2.o(.ARM.Collect$$$$00000001)
    _main_scatterload                        0x0800018d   Thumb Code     0  entry5.o(.ARM.Collect$$$$00000004)
    __main_after_scatterload                 0x08000191   Thumb Code     0  entry5.o(.ARM.Collect$$$$00000004)
    _main_clock                              0x08000191   Thumb Code     0  entry7b.o(.ARM.Collect$$$$00000008)
    _main_cpp_init                           0x08000191   Thumb Code     0  entry8b.o(.ARM.Collect$$$$0000000A)
    _main_init                               0x08000191   Thumb Code     0  entry9a.o(.ARM.Collect$$$$0000000B)
    __rt_lib_shutdown_fini                   0x08000199   Thumb Code     0  entry12b.o(.ARM.Collect$$$$0000000E)
    __rt_final_cpp                           0x0800019d   Thumb Code     0  entry10a.o(.ARM.Collect$$$$0000000F)
    __rt_final_exit                          0x0800019d   Thumb Code     0  entry11a.o(.ARM.Collect$$$$00000011)
    SVC_Handler                              0x080001a1   Thumb Code    28  port.o(.emb_text)
    __asm___6_port_c_39a90d8d__prvStartFirstTask 0x080001c1   Thumb Code    36  port.o(.emb_text)
    __asm___6_port_c_39a90d8d__prvEnableVFP  0x080001e9   Thumb Code    16  port.o(.emb_text)
    PendSV_Handler                           0x080001fd   Thumb Code    88  port.o(.emb_text)
    vPortGetIPSR                             0x08000259   Thumb Code     6  port.o(.emb_text)
    Reset_Handler                            0x08000261   Thumb Code     8  startup_stm32f407xx.o(.text)
    ADC_IRQHandler                           0x0800027b   Thumb Code     0  startup_stm32f407xx.o(.text)
    CAN1_RX0_IRQHandler                      0x0800027b   Thumb Code     0  startup_stm32f407xx.o(.text)
    CAN1_RX1_IRQHandler                      0x0800027b   Thumb Code     0  startup_stm32f407xx.o(.text)
    CAN1_SCE_IRQHandler                      0x0800027b   Thumb Code     0  startup_stm32f407xx.o(.text)
    CAN1_TX_IRQHandler                       0x0800027b   Thumb Code     0  startup_stm32f407xx.o(.text)
    CAN2_RX0_IRQHandler                      0x0800027b   Thumb Code     0  startup_stm32f407xx.o(.text)
    CAN2_RX1_IRQHandler                      0x0800027b   Thumb Code     0  startup_stm32f407xx.o(.text)
    CAN2_SCE_IRQHandler                      0x0800027b   Thumb Code     0  startup_stm32f407xx.o(.text)
    CAN2_TX_IRQHandler                       0x0800027b   Thumb Code     0  startup_stm32f407xx.o(.text)
    DCMI_IRQHandler                          0x0800027b   Thumb Code     0  startup_stm32f407xx.o(.text)
    DMA1_Stream0_IRQHandler                  0x0800027b   Thumb Code     0  startup_stm32f407xx.o(.text)
    DMA1_Stream1_IRQHandler                  0x0800027b   Thumb Code     0  startup_stm32f407xx.o(.text)
    DMA1_Stream2_IRQHandler                  0x0800027b   Thumb Code     0  startup_stm32f407xx.o(.text)
    DMA1_Stream3_IRQHandler                  0x0800027b   Thumb Code     0  startup_stm32f407xx.o(.text)
    DMA1_Stream4_IRQHandler                  0x0800027b   Thumb Code     0  startup_stm32f407xx.o(.text)
    DMA1_Stream5_IRQHandler                  0x0800027b   Thumb Code     0  startup_stm32f407xx.o(.text)
    DMA1_Stream6_IRQHandler                  0x0800027b   Thumb Code     0  startup_stm32f407xx.o(.text)
    DMA1_Stream7_IRQHandler                  0x0800027b   Thumb Code     0  startup_stm32f407xx.o(.text)
    DMA2_Stream0_IRQHandler                  0x0800027b   Thumb Code     0  startup_stm32f407xx.o(.text)
    DMA2_Stream1_IRQHandler                  0x0800027b   Thumb Code     0  startup_stm32f407xx.o(.text)
    DMA2_Stream2_IRQHandler                  0x0800027b   Thumb Code     0  startup_stm32f407xx.o(.text)
    DMA2_Stream3_IRQHandler                  0x0800027b   Thumb Code     0  startup_stm32f407xx.o(.text)
    DMA2_Stream4_IRQHandler                  0x0800027b   Thumb Code     0  startup_stm32f407xx.o(.text)
    DMA2_Stream5_IRQHandler                  0x0800027b   Thumb Code     0  startup_stm32f407xx.o(.text)
    DMA2_Stream6_IRQHandler                  0x0800027b   Thumb Code     0  startup_stm32f407xx.o(.text)
    DMA2_Stream7_IRQHandler                  0x0800027b   Thumb Code     0  startup_stm32f407xx.o(.text)
    ETH_IRQHandler                           0x0800027b   Thumb Code     0  startup_stm32f407xx.o(.text)
    ETH_WKUP_IRQHandler                      0x0800027b   Thumb Code     0  startup_stm32f407xx.o(.text)
    EXTI0_IRQHandler                         0x0800027b   Thumb Code     0  startup_stm32f407xx.o(.text)
    EXTI15_10_IRQHandler                     0x0800027b   Thumb Code     0  startup_stm32f407xx.o(.text)
    EXTI1_IRQHandler                         0x0800027b   Thumb Code     0  startup_stm32f407xx.o(.text)
    EXTI2_IRQHandler                         0x0800027b   Thumb Code     0  startup_stm32f407xx.o(.text)
    EXTI3_IRQHandler                         0x0800027b   Thumb Code     0  startup_stm32f407xx.o(.text)
    EXTI4_IRQHandler                         0x0800027b   Thumb Code     0  startup_stm32f407xx.o(.text)
    EXTI9_5_IRQHandler                       0x0800027b   Thumb Code     0  startup_stm32f407xx.o(.text)
    FLASH_IRQHandler                         0x0800027b   Thumb Code     0  startup_stm32f407xx.o(.text)
    FMC_IRQHandler                           0x0800027b   Thumb Code     0  startup_stm32f407xx.o(.text)
    FPU_IRQHandler                           0x0800027b   Thumb Code     0  startup_stm32f407xx.o(.text)
    HASH_RNG_IRQHandler                      0x0800027b   Thumb Code     0  startup_stm32f407xx.o(.text)
    I2C1_ER_IRQHandler                       0x0800027b   Thumb Code     0  startup_stm32f407xx.o(.text)
    I2C1_EV_IRQHandler                       0x0800027b   Thumb Code     0  startup_stm32f407xx.o(.text)
    I2C2_ER_IRQHandler                       0x0800027b   Thumb Code     0  startup_stm32f407xx.o(.text)
    I2C2_EV_IRQHandler                       0x0800027b   Thumb Code     0  startup_stm32f407xx.o(.text)
    I2C3_ER_IRQHandler                       0x0800027b   Thumb Code     0  startup_stm32f407xx.o(.text)
    I2C3_EV_IRQHandler                       0x0800027b   Thumb Code     0  startup_stm32f407xx.o(.text)
    OTG_FS_IRQHandler                        0x0800027b   Thumb Code     0  startup_stm32f407xx.o(.text)
    OTG_FS_WKUP_IRQHandler                   0x0800027b   Thumb Code     0  startup_stm32f407xx.o(.text)
    OTG_HS_EP1_IN_IRQHandler                 0x0800027b   Thumb Code     0  startup_stm32f407xx.o(.text)
    OTG_HS_EP1_OUT_IRQHandler                0x0800027b   Thumb Code     0  startup_stm32f407xx.o(.text)
    OTG_HS_IRQHandler                        0x0800027b   Thumb Code     0  startup_stm32f407xx.o(.text)
    OTG_HS_WKUP_IRQHandler                   0x0800027b   Thumb Code     0  startup_stm32f407xx.o(.text)
    PVD_IRQHandler                           0x0800027b   Thumb Code     0  startup_stm32f407xx.o(.text)
    RTC_Alarm_IRQHandler                     0x0800027b   Thumb Code     0  startup_stm32f407xx.o(.text)
    RTC_WKUP_IRQHandler                      0x0800027b   Thumb Code     0  startup_stm32f407xx.o(.text)
    SDIO_IRQHandler                          0x0800027b   Thumb Code     0  startup_stm32f407xx.o(.text)
    SPI1_IRQHandler                          0x0800027b   Thumb Code     0  startup_stm32f407xx.o(.text)
    SPI2_IRQHandler                          0x0800027b   Thumb Code     0  startup_stm32f407xx.o(.text)
    SPI3_IRQHandler                          0x0800027b   Thumb Code     0  startup_stm32f407xx.o(.text)
    TAMP_STAMP_IRQHandler                    0x0800027b   Thumb Code     0  startup_stm32f407xx.o(.text)
    TIM1_BRK_TIM9_IRQHandler                 0x0800027b   Thumb Code     0  startup_stm32f407xx.o(.text)
    TIM1_CC_IRQHandler                       0x0800027b   Thumb Code     0  startup_stm32f407xx.o(.text)
    TIM1_TRG_COM_TIM11_IRQHandler            0x0800027b   Thumb Code     0  startup_stm32f407xx.o(.text)
    TIM1_UP_TIM10_IRQHandler                 0x0800027b   Thumb Code     0  startup_stm32f407xx.o(.text)
    TIM2_IRQHandler                          0x0800027b   Thumb Code     0  startup_stm32f407xx.o(.text)
    TIM3_IRQHandler                          0x0800027b   Thumb Code     0  startup_stm32f407xx.o(.text)
    TIM4_IRQHandler                          0x0800027b   Thumb Code     0  startup_stm32f407xx.o(.text)
    TIM5_IRQHandler                          0x0800027b   Thumb Code     0  startup_stm32f407xx.o(.text)
    TIM7_IRQHandler                          0x0800027b   Thumb Code     0  startup_stm32f407xx.o(.text)
    TIM8_BRK_TIM12_IRQHandler                0x0800027b   Thumb Code     0  startup_stm32f407xx.o(.text)
    TIM8_CC_IRQHandler                       0x0800027b   Thumb Code     0  startup_stm32f407xx.o(.text)
    TIM8_TRG_COM_TIM14_IRQHandler            0x0800027b   Thumb Code     0  startup_stm32f407xx.o(.text)
    TIM8_UP_TIM13_IRQHandler                 0x0800027b   Thumb Code     0  startup_stm32f407xx.o(.text)
    UART4_IRQHandler                         0x0800027b   Thumb Code     0  startup_stm32f407xx.o(.text)
    UART5_IRQHandler                         0x0800027b   Thumb Code     0  startup_stm32f407xx.o(.text)
    USART1_IRQHandler                        0x0800027b   Thumb Code     0  startup_stm32f407xx.o(.text)
    USART2_IRQHandler                        0x0800027b   Thumb Code     0  startup_stm32f407xx.o(.text)
    WWDG_IRQHandler                          0x0800027b   Thumb Code     0  startup_stm32f407xx.o(.text)
    __aeabi_uldivmod                         0x08000285   Thumb Code    98  uldiv.o(.text)
    __aeabi_memcpy                           0x080002e7   Thumb Code    36  memcpya.o(.text)
    __aeabi_memcpy4                          0x080002e7   Thumb Code     0  memcpya.o(.text)
    __aeabi_memcpy8                          0x080002e7   Thumb Code     0  memcpya.o(.text)
    __aeabi_memset                           0x0800030b   Thumb Code    14  memseta.o(.text)
    __aeabi_memset4                          0x0800030b   Thumb Code     0  memseta.o(.text)
    __aeabi_memset8                          0x0800030b   Thumb Code     0  memseta.o(.text)
    __aeabi_memclr                           0x08000319   Thumb Code     4  memseta.o(.text)
    __aeabi_memclr4                          0x08000319   Thumb Code     0  memseta.o(.text)
    __aeabi_memclr8                          0x08000319   Thumb Code     0  memseta.o(.text)
    memset                                   0x0800031d   Thumb Code    18  memseta.o(.text)
    strlen                                   0x0800032f   Thumb Code    14  strlen.o(.text)
    strcpy                                   0x0800033d   Thumb Code    18  strcpy.o(.text)
    __aeabi_dmul                             0x0800034f   Thumb Code   228  dmul.o(.text)
    __aeabi_ddiv                             0x08000433   Thumb Code   222  ddiv.o(.text)
    __aeabi_d2uiz                            0x08000511   Thumb Code    50  dfixui.o(.text)
    __aeabi_f2d                              0x08000543   Thumb Code    38  f2d.o(.text)
    __aeabi_uidiv                            0x08000569   Thumb Code     0  uidiv.o(.text)
    __aeabi_uidivmod                         0x08000569   Thumb Code    44  uidiv.o(.text)
    __aeabi_llsl                             0x08000595   Thumb Code    30  llshl.o(.text)
    _ll_shift_l                              0x08000595   Thumb Code     0  llshl.o(.text)
    __aeabi_llsr                             0x080005b3   Thumb Code    32  llushr.o(.text)
    _ll_ushift_r                             0x080005b3   Thumb Code     0  llushr.o(.text)
    __I$use$fp                               0x080005d3   Thumb Code     0  iusefp.o(.text)
    _double_round                            0x080005d3   Thumb Code    30  depilogue.o(.text)
    _double_epilogue                         0x080005f1   Thumb Code   156  depilogue.o(.text)
    __aeabi_dadd                             0x0800068d   Thumb Code   322  dadd.o(.text)
    __aeabi_dsub                             0x080007cf   Thumb Code     6  dadd.o(.text)
    __aeabi_drsub                            0x080007d5   Thumb Code     6  dadd.o(.text)
    __aeabi_d2ulz                            0x080007db   Thumb Code    48  dfixul.o(.text)
    __aeabi_cdrcmple                         0x0800080d   Thumb Code    48  cdrcmple.o(.text)
    __scatterload                            0x0800083d   Thumb Code    28  init.o(.text)
    __scatterload_rt2                        0x0800083d   Thumb Code     0  init.o(.text)
    __aeabi_lasr                             0x08000861   Thumb Code    36  llsshr.o(.text)
    _ll_sshift_r                             0x08000861   Thumb Code     0  llsshr.o(.text)
    __decompress                             0x08000885   Thumb Code     0  __dczerorl2.o(.text)
    __decompress1                            0x08000885   Thumb Code    86  __dczerorl2.o(.text)
    BusFault_Handler                         0x080008db   Thumb Code     2  stm32f4xx_it.o(i.BusFault_Handler)
    DEBUG_D                                  0x080008dd   Thumb Code    38  debug_hal.o(i.DEBUG_D)
    DebugMon_Handler                         0x08000903   Thumb Code     2  stm32f4xx_it.o(i.DebugMon_Handler)
    Error_Handler                            0x08000905   Thumb Code     4  main_1.o(i.Error_Handler)
    FLASH_WaitForLastOperation               0x08000a05   Thumb Code    72  stm32f4xx_hal_flash.o(i.FLASH_WaitForLastOperation)
    HAL_DMA_Abort                            0x08000a55   Thumb Code   146  stm32f4xx_hal_dma.o(i.HAL_DMA_Abort)
    HAL_DMA_Abort_IT                         0x08000ae7   Thumb Code    36  stm32f4xx_hal_dma.o(i.HAL_DMA_Abort_IT)
    HAL_Delay                                0x08000b0d   Thumb Code    32  stm32f4xx_hal.o(i.HAL_Delay)
    HAL_FLASH_Lock                           0x08000b31   Thumb Code    14  stm32f4xx_hal_flash.o(i.HAL_FLASH_Lock)
    HAL_FLASH_Program                        0x08000b45   Thumb Code   116  stm32f4xx_hal_flash.o(i.HAL_FLASH_Program)
    HAL_FLASH_Unlock                         0x08000bc1   Thumb Code    32  stm32f4xx_hal_flash.o(i.HAL_FLASH_Unlock)
    HAL_GPIO_Init                            0x08000bed   Thumb Code   450  stm32f4xx_hal_gpio.o(i.HAL_GPIO_Init)
    HAL_GPIO_WritePin                        0x08000ddd   Thumb Code    10  stm32f4xx_hal_gpio.o(i.HAL_GPIO_WritePin)
    HAL_GetTick                              0x08000de9   Thumb Code     6  stm32f4xx_hal.o(i.HAL_GetTick)
    HAL_IWDG_Init                            0x08000df5   Thumb Code    90  stm32f4xx_hal_iwdg.o(i.HAL_IWDG_Init)
    HAL_IWDG_Refresh                         0x08000e4f   Thumb Code    12  stm32f4xx_hal_iwdg.o(i.HAL_IWDG_Refresh)
    HAL_IncTick                              0x08000e5d   Thumb Code    12  stm32f4xx_hal.o(i.HAL_IncTick)
    HAL_Init                                 0x08000e6d   Thumb Code    40  stm32f4xx_hal.o(i.HAL_Init)
    HAL_InitTick                             0x08000e99   Thumb Code   132  stm32f4xx_hal_timebase_tim.o(i.HAL_InitTick)
    HAL_MspInit                              0x08000f31   Thumb Code    70  stm32f4xx_hal_msp.o(i.HAL_MspInit)
    HAL_NVIC_EnableIRQ                       0x08000f7d   Thumb Code    26  stm32f4xx_hal_cortex.o(i.HAL_NVIC_EnableIRQ)
    HAL_NVIC_SetPriority                     0x08000f99   Thumb Code    60  stm32f4xx_hal_cortex.o(i.HAL_NVIC_SetPriority)
    HAL_NVIC_SetPriorityGrouping             0x08000fd9   Thumb Code    26  stm32f4xx_hal_cortex.o(i.HAL_NVIC_SetPriorityGrouping)
    HAL_NVIC_SystemReset                     0x08000ffd   Thumb Code    26  stm32f4xx_hal_cortex.o(i.HAL_NVIC_SystemReset)
    HAL_RCCEx_PeriphCLKConfig                0x08001021   Thumb Code   296  stm32f4xx_hal_rcc_ex.o(i.HAL_RCCEx_PeriphCLKConfig)
    HAL_RCC_ClockConfig                      0x0800115d   Thumb Code   288  stm32f4xx_hal_rcc.o(i.HAL_RCC_ClockConfig)
    HAL_RCC_GetClockConfig                   0x08001291   Thumb Code    54  stm32f4xx_hal_rcc.o(i.HAL_RCC_GetClockConfig)
    HAL_RCC_GetPCLK1Freq                     0x080012d1   Thumb Code    20  stm32f4xx_hal_rcc.o(i.HAL_RCC_GetPCLK1Freq)
    HAL_RCC_GetPCLK2Freq                     0x080012f1   Thumb Code    20  stm32f4xx_hal_rcc.o(i.HAL_RCC_GetPCLK2Freq)
    HAL_RCC_GetSysClockFreq                  0x08001311   Thumb Code    66  stm32f4xx_hal_rcc.o(i.HAL_RCC_GetSysClockFreq)
    HAL_RCC_OscConfig                        0x0800135d   Thumb Code   856  stm32f4xx_hal_rcc.o(i.HAL_RCC_OscConfig)
    HAL_RNG_GenerateRandomNumber             0x080016c9   Thumb Code   126  stm32f4xx_hal_rng.o(i.HAL_RNG_GenerateRandomNumber)
    HAL_RNG_Init                             0x08001747   Thumb Code    50  stm32f4xx_hal_rng.o(i.HAL_RNG_Init)
    HAL_RNG_MspInit                          0x08001779   Thumb Code    30  rng.o(i.HAL_RNG_MspInit)
    HAL_RTC_Init                             0x080017a1   Thumb Code   136  stm32f4xx_hal_rtc.o(i.HAL_RTC_Init)
    HAL_RTC_MspInit                          0x0800182d   Thumb Code    48  rtc.o(i.HAL_RTC_MspInit)
    HAL_RTC_SetDate                          0x08001865   Thumb Code   146  stm32f4xx_hal_rtc.o(i.HAL_RTC_SetDate)
    HAL_RTC_SetTime                          0x080018fd   Thumb Code   186  stm32f4xx_hal_rtc.o(i.HAL_RTC_SetTime)
    HAL_RTC_WaitForSynchro                   0x080019bd   Thumb Code    54  stm32f4xx_hal_rtc.o(i.HAL_RTC_WaitForSynchro)
    HAL_SPI_Init                             0x080019f3   Thumb Code   188  stm32f4xx_hal_spi.o(i.HAL_SPI_Init)
    HAL_SPI_MspInit                          0x08001ab1   Thumb Code   154  spi.o(i.HAL_SPI_MspInit)
    HAL_SPI_TransmitReceive                  0x08001b61   Thumb Code   482  stm32f4xx_hal_spi.o(i.HAL_SPI_TransmitReceive)
    HAL_TIMEx_BreakCallback                  0x08001d43   Thumb Code     2  stm32f4xx_hal_tim_ex.o(i.HAL_TIMEx_BreakCallback)
    HAL_TIMEx_CommutCallback                 0x08001d45   Thumb Code     2  stm32f4xx_hal_tim_ex.o(i.HAL_TIMEx_CommutCallback)
    HAL_TIM_Base_Init                        0x08001d47   Thumb Code    90  stm32f4xx_hal_tim.o(i.HAL_TIM_Base_Init)
    HAL_TIM_Base_MspInit                     0x08001da1   Thumb Code     2  stm32f4xx_hal_tim.o(i.HAL_TIM_Base_MspInit)
    HAL_TIM_Base_Start_IT                    0x08001da5   Thumb Code   100  stm32f4xx_hal_tim.o(i.HAL_TIM_Base_Start_IT)
    HAL_TIM_IC_CaptureCallback               0x08001e25   Thumb Code     2  stm32f4xx_hal_tim.o(i.HAL_TIM_IC_CaptureCallback)
    HAL_TIM_IRQHandler                       0x08001e27   Thumb Code   358  stm32f4xx_hal_tim.o(i.HAL_TIM_IRQHandler)
    HAL_TIM_OC_DelayElapsedCallback          0x08001f8d   Thumb Code     2  stm32f4xx_hal_tim.o(i.HAL_TIM_OC_DelayElapsedCallback)
    HAL_TIM_PWM_PulseFinishedCallback        0x08001f8f   Thumb Code     2  stm32f4xx_hal_tim.o(i.HAL_TIM_PWM_PulseFinishedCallback)
    HAL_TIM_PeriodElapsedCallback            0x08001f91   Thumb Code    14  main_1.o(i.HAL_TIM_PeriodElapsedCallback)
    HAL_TIM_TriggerCallback                  0x08001fa5   Thumb Code     2  stm32f4xx_hal_tim.o(i.HAL_TIM_TriggerCallback)
    HAL_UARTEx_RxEventCallback               0x08001fa7   Thumb Code     2  stm32f4xx_hal_uart.o(i.HAL_UARTEx_RxEventCallback)
    HAL_UART_ErrorCallback                   0x08001fa9   Thumb Code     2  stm32f4xx_hal_uart.o(i.HAL_UART_ErrorCallback)
    HAL_UART_IRQHandler                      0x08001fad   Thumb Code   610  stm32f4xx_hal_uart.o(i.HAL_UART_IRQHandler)
    HAL_UART_Init                            0x08002215   Thumb Code    98  stm32f4xx_hal_uart.o(i.HAL_UART_Init)
    HAL_UART_MspInit                         0x08002279   Thumb Code   490  usart.o(i.HAL_UART_MspInit)
    HAL_UART_Receive_IT                      0x08002491   Thumb Code    42  stm32f4xx_hal_uart.o(i.HAL_UART_Receive_IT)
    HAL_UART_RxCpltCallback                  0x080024bd   Thumb Code   114  serial_pipe_hal.o(i.HAL_UART_RxCpltCallback)
    HAL_UART_Transmit                        0x08002541   Thumb Code   178  stm32f4xx_hal_uart.o(i.HAL_UART_Transmit)
    HAL_UART_TxCpltCallback                  0x080025f3   Thumb Code     2  stm32f4xx_hal_uart.o(i.HAL_UART_TxCpltCallback)
    HW_IWDG_Init                             0x080025f5   Thumb Code     4  iwdg_driver.o(i.HW_IWDG_Init)
    HardFault_Handler                        0x080025f9   Thumb Code     2  stm32f4xx_it.o(i.HardFault_Handler)
    IWDG_Reload                              0x080025fd   Thumb Code     6  iwdg_driver.o(i.IWDG_Reload)
    LoRaMac_ParserData                       0x08002609   Thumb Code   134  loramac_node.o(i.LoRaMac_ParserData)
    LoRaMac_SerializePacket                  0x0800268f   Thumb Code   118  loramac_node.o(i.LoRaMac_SerializePacket)
    LoRaMac_SetUpACKMessage                  0x08002705   Thumb Code    60  loramac_node.o(i.LoRaMac_SetUpACKMessage)
    LoRaMac_SetUpDataMessage                 0x08002745   Thumb Code    84  loramac_node.o(i.LoRaMac_SetUpDataMessage)
    MX_GPIO_Init                             0x0800279d   Thumb Code   226  gpio.o(i.MX_GPIO_Init)
    MX_IWDG_Init                             0x08002891   Thumb Code    36  iwdg.o(i.MX_IWDG_Init)
    MX_RNG_Init                              0x080028bd   Thumb Code    28  rng.o(i.MX_RNG_Init)
    MX_RTC_Init                              0x080028e1   Thumb Code   120  rtc.o(i.MX_RTC_Init)
    MX_SPI1_Init                             0x08002961   Thumb Code    60  spi.o(i.MX_SPI1_Init)
    MX_SPI2_Init                             0x080029a5   Thumb Code    60  spi.o(i.MX_SPI2_Init)
    MX_UART4_Init                            0x080029e9   Thumb Code    48  usart.o(i.MX_UART4_Init)
    MX_UART5_Init                            0x08002a21   Thumb Code    48  usart.o(i.MX_UART5_Init)
    MX_USART1_UART_Init                      0x08002a59   Thumb Code    48  usart.o(i.MX_USART1_UART_Init)
    MX_USART2_UART_Init                      0x08002a91   Thumb Code    48  usart.o(i.MX_USART2_UART_Init)
    MX_USART3_UART_Init                      0x08002ac9   Thumb Code    48  usart.o(i.MX_USART3_UART_Init)
    MX_USART6_UART_Init                      0x08002b01   Thumb Code    48  usart.o(i.MX_USART6_UART_Init)
    MemManage_Handler                        0x08002b39   Thumb Code     2  stm32f4xx_it.o(i.MemManage_Handler)
    NMI_Handler                              0x08002b3b   Thumb Code     2  stm32f4xx_it.o(i.NMI_Handler)
    RCC_IRQHandler                           0x08002b3d   Thumb Code     2  stm32f4xx_it.o(i.RCC_IRQHandler)
    RTC_ByteToBcd2                           0x08002b3f   Thumb Code    24  stm32f4xx_hal_rtc.o(i.RTC_ByteToBcd2)
    RTC_EnterInitMode                        0x08002b59   Thumb Code    72  stm32f4xx_hal_rtc.o(i.RTC_EnterInitMode)
    RTC_ExitInitMode                         0x08002ba1   Thumb Code    42  stm32f4xx_hal_rtc.o(i.RTC_ExitInitMode)
    Set_Default_System_Config                0x08002cdd   Thumb Code   178  common.o(i.Set_Default_System_Config)
    Sx127x_ClearFlagsReg                     0x08002da9   Thumb Code    18  sx127x.o(i.Sx127x_ClearFlagsReg)
    Sx127x_InitModule                        0x08002dbb   Thumb Code    88  sx127x.o(i.Sx127x_InitModule)
    Sx127x_Interface                         0x08002e15   Thumb Code    70  sx127x.o(i.Sx127x_Interface)
    Sx127x_ReadReg                           0x08002e61   Thumb Code    36  sx127x.o(i.Sx127x_ReadReg)
    Sx127x_ReceiveData                       0x08002e85   Thumb Code   288  sx127x.o(i.Sx127x_ReceiveData)
    Sx127x_Reset                             0x08002fa5   Thumb Code    40  sx127x.o(i.Sx127x_Reset)
    Sx127x_SendData                          0x08002fcd   Thumb Code   248  sx127x.o(i.Sx127x_SendData)
    Sx127x_SetFrequency                      0x080030c5   Thumb Code    92  sx127x.o(i.Sx127x_SetFrequency)
    Sx127x_SetLoRa                           0x08003131   Thumb Code    72  sx127x.o(i.Sx127x_SetLoRa)
    Sx127x_SetModeRx                         0x08003179   Thumb Code    44  sx127x.o(i.Sx127x_SetModeRx)
    Sx127x_SetModeSleep                      0x080031a5   Thumb Code    34  sx127x.o(i.Sx127x_SetModeSleep)
    Sx127x_SetModeStdby                      0x080031c7   Thumb Code    36  sx127x.o(i.Sx127x_SetModeStdby)
    Sx127x_SetModeTx                         0x080031eb   Thumb Code    44  sx127x.o(i.Sx127x_SetModeTx)
    Sx127x_SetModemConfig                    0x08003219   Thumb Code    68  sx127x.o(i.Sx127x_SetModemConfig)
    Sx127x_SetNetworkId                      0x08003261   Thumb Code    18  sx127x.o(i.Sx127x_SetNetworkId)
    Sx127x_SetOpMode                         0x08003273   Thumb Code    50  sx127x.o(i.Sx127x_SetOpMode)
    Sx127x_SetPreambleLength                 0x080032a5   Thumb Code    36  sx127x.o(i.Sx127x_SetPreambleLength)
    Sx127x_SetTxPower                        0x080032c9   Thumb Code   110  sx127x.o(i.Sx127x_SetTxPower)
    Sx127x_WriteReg                          0x08003337   Thumb Code    32  sx127x.o(i.Sx127x_WriteReg)
    SysTick_Handler                          0x08003359   Thumb Code    38  port.o(i.SysTick_Handler)
    SystemInit                               0x08003385   Thumb Code    12  system_stm32f4xx.o(i.SystemInit)
    TIM6_DAC_IRQHandler                      0x08003395   Thumb Code     6  stm32f4xx_it.o(i.TIM6_DAC_IRQHandler)
    TIM_Base_SetConfig                       0x080033a1   Thumb Code   156  stm32f4xx_hal_tim.o(i.TIM_Base_SetConfig)
    UART3_Send                               0x08003469   Thumb Code    14  uart1_driver.o(i.UART3_Send)
    UART_Start_Receive_IT                    0x080036a9   Thumb Code    58  stm32f4xx_hal_uart.o(i.UART_Start_Receive_IT)
    USART3_IRQHandler                        0x0800375d   Thumb Code     6  stm32f4xx_it.o(i.USART3_IRQHandler)
    USART6_IRQHandler                        0x08003769   Thumb Code     6  stm32f4xx_it.o(i.USART6_IRQHandler)
    UsageFault_Handler                       0x08003775   Thumb Code     2  stm32f4xx_it.o(i.UsageFault_Handler)
    task_sysWatchDog(void*)                  0x08003d51   Thumb Code    38  task_watchdog.o(i._Z16task_sysWatchDogPv)
    SystemClock_Config()                     0x08003da1   Thumb Code   138  main_1.o(i._Z18SystemClock_Configv)
    Task_LoRa(void*)                         0x08003e45   Thumb Code    36  task_lora.o(i._Z9Task_LoRaPv)
    __0printf                                0x08003eb9   Thumb Code    22  printfa.o(i.__0printf)
    __1printf                                0x08003eb9   Thumb Code     0  printfa.o(i.__0printf)
    __2printf                                0x08003eb9   Thumb Code     0  printfa.o(i.__0printf)
    __c89printf                              0x08003eb9   Thumb Code     0  printfa.o(i.__0printf)
    printf                                   0x08003eb9   Thumb Code     0  printfa.o(i.__0printf)
    __0vsprintf                              0x08003ed9   Thumb Code    30  printfa.o(i.__0vsprintf)
    __1vsprintf                              0x08003ed9   Thumb Code     0  printfa.o(i.__0vsprintf)
    __2vsprintf                              0x08003ed9   Thumb Code     0  printfa.o(i.__0vsprintf)
    __c89vsprintf                            0x08003ed9   Thumb Code     0  printfa.o(i.__0vsprintf)
    vsprintf                                 0x08003ed9   Thumb Code     0  printfa.o(i.__0vsprintf)
    __scatterload_copy                       0x08003f1d   Thumb Code    14  handlers.o(i.__scatterload_copy)
    __scatterload_null                       0x08003f2b   Thumb Code     2  handlers.o(i.__scatterload_null)
    __scatterload_zeroinit                   0x08003f2d   Thumb Code    14  handlers.o(i.__scatterload_zeroinit)
    fputc                                    0x080047d1   Thumb Code    18  serial_debug.o(i.fputc)
    main                                     0x080047e9   Thumb Code   138  main_1.o(i.main)
    osDelay                                  0x080048e5   Thumb Code    14  cmsis_os.o(i.osDelay)
    osKernelStart                            0x080048f3   Thumb Code    10  cmsis_os.o(i.osKernelStart)
    pvPortMalloc                             0x08004c49   Thumb Code   216  heap_4.o(i.pvPortMalloc)
    pxPortInitialiseStack                    0x08004d25   Thumb Code    40  port.o(i.pxPortInitialiseStack)
    rand1                                    0x08004d51   Thumb Code    30  misc.o(i.rand1)
    randr                                    0x08004d79   Thumb Code    26  misc.o(i.randr)
    srand1                                   0x08004d95   Thumb Code     6  misc.o(i.srand1)
    uxListRemove                             0x08004da1   Thumb Code    38  list.o(i.uxListRemove)
    vApplicationGetIdleTaskMemory            0x08004dc9   Thumb Code    16  freertos.o(i.vApplicationGetIdleTaskMemory)
    vListInitialise                          0x08004ddd   Thumb Code    22  list.o(i.vListInitialise)
    vListInitialiseItem                      0x08004df3   Thumb Code     6  list.o(i.vListInitialiseItem)
    vListInsert                              0x08004df9   Thumb Code    48  list.o(i.vListInsert)
    vListInsertEnd                           0x08004e29   Thumb Code    24  list.o(i.vListInsertEnd)
    vPortEnterCritical                       0x08004e41   Thumb Code    54  port.o(i.vPortEnterCritical)
    vPortExitCritical                        0x08004e81   Thumb Code    34  port.o(i.vPortExitCritical)
    vPortFree                                0x08004ea9   Thumb Code    94  heap_4.o(i.vPortFree)
    vPortSetupTimerInterrupt                 0x08004f0d   Thumb Code    32  port.o(i.vPortSetupTimerInterrupt)
    vTaskDelay                               0x08004f31   Thumb Code    66  tasks.o(i.vTaskDelay)
    vTaskStartScheduler                      0x08004f7d   Thumb Code    90  tasks.o(i.vTaskStartScheduler)
    vTaskSuspendAll                          0x08004fe9   Thumb Code    10  tasks.o(i.vTaskSuspendAll)
    vTaskSwitchContext                       0x08004ff9   Thumb Code    82  tasks.o(i.vTaskSwitchContext)
    xPortStartScheduler                      0x08005055   Thumb Code   222  port.o(i.xPortStartScheduler)
    xTaskCreate                              0x08005149   Thumb Code    90  tasks.o(i.xTaskCreate)
    xTaskCreateStatic                        0x080051a3   Thumb Code    86  tasks.o(i.xTaskCreateStatic)
    xTaskIncrementTick                       0x080051f9   Thumb Code   194  tasks.o(i.xTaskIncrementTick)
    xTaskResumeAll                           0x080052c5   Thumb Code   182  tasks.o(i.xTaskResumeAll)
    AHBPrescTable                            0x08005388   Data          16  system_stm32f4xx.o(.constdata)
    APBPrescTable                            0x08005398   Data           8  system_stm32f4xx.o(.constdata)
    Region$$Table$$Base                      0x080053b0   Number         0  anon$$obj.o(Region$$Table)
    Region$$Table$$Limit                     0x080053d0   Number         0  anon$$obj.o(Region$$Table)
    time_Check_Lora                          0x20000000   Data           2  main_1.o(.data)
    uwTickFreq                               0x20000004   Data           1  stm32f4xx_hal.o(.data)
    uwTickPrio                               0x20000008   Data           4  stm32f4xx_hal.o(.data)
    uwTick                                   0x2000000c   Data           4  stm32f4xx_hal.o(.data)
    SystemCoreClock                          0x20000010   Data           4  system_stm32f4xx.o(.data)
    pxCurrentTCB                             0x20000014   Data           4  tasks.o(.data)
    sx127x_cmd                               0x2000007c   Data           4  sx127x_cfg.o(.data)
    sx127x_node                              0x20000080   Data          32  sx127x_cfg.o(.data)
    tx_msg                                   0x200000a0   Data         520  loramac_node_cfg.o(.data)
    rnd_fchannel                             0x200002a8   Data           1  task_lora.o(.data)
    state_init                               0x200002a9   Data           1  task_lora.o(.data)
    lps                                      0x200002aa   Data           1  task_lora.o(.data)
    cur_fcnt                                 0x200002ac   Data           2  task_lora.o(.data)
    rnd_seed                                 0x200002b0   Data           4  task_lora.o(.data)
    f_channel                                0x200002b4   Data          32  task_lora.o(.data)
    detector_board                           0x200002d4   Data         120  task_lora.o(.data)
    Uart5_Rx_indx                            0x20000350   Data           1  serial_pipe_hal.o(.data)
    Transfer_cplt                            0x20000351   Data           1  serial_pipe_hal.o(.data)
    __stdout                                 0x20000354   Data           4  stdout.o(.data)
    hiwdg                                    0x200005ac   Data          12  iwdg.o(.bss)
    hrng                                     0x200005b8   Data          16  rng.o(.bss)
    hrtc                                     0x200005c8   Data          32  rtc.o(.bss)
    hspi1                                    0x200005e8   Data          88  spi.o(.bss)
    hspi2                                    0x20000640   Data          88  spi.o(.bss)
    huart4                                   0x20000698   Data          68  usart.o(.bss)
    huart5                                   0x200006dc   Data          68  usart.o(.bss)
    huart1                                   0x20000720   Data          68  usart.o(.bss)
    huart2                                   0x20000764   Data          68  usart.o(.bss)
    huart3                                   0x200007a8   Data          68  usart.o(.bss)
    huart6                                   0x200007ec   Data          68  usart.o(.bss)
    htim6                                    0x20000830   Data          72  stm32f4xx_hal_timebase_tim.o(.bss)
    pFlash                                   0x20000878   Data          32  stm32f4xx_hal_flash.o(.bss)
    serverCfg                                0x20004588   Data          90  common.o(.bss)
    timeDataCtl                              0x200045e2   Data          12  common.o(.bss)
    aesConfig                                0x200045ee   Data          64  common.o(.bss)
    systemInfo                               0x2000462e   Data          37  common.o(.bss)
    rx_buffer                                0x20004653   Data          50  task_lora.o(.bss)
    tx_buffer                                0x20004685   Data         250  task_lora.o(.bss)
    Uart5_Rx_Buffer                          0x2000477f   Data         100  serial_pipe_hal.o(.bss)
    __initial_sp                             0x20004be8   Data           0  startup_stm32f407xx.o(STACK)



==============================================================================

Memory Map of the image

  Image Entry point : 0x08000189

  Load Region LR_IROM1 (Base: 0x08000000, Size: 0x00005728, Max: 0x00080000, ABSOLUTE, COMPRESSED[0x00005438])

    Execution Region ER_IROM1 (Exec base: 0x08000000, Load base: 0x08000000, Size: 0x000053d0, Max: 0x00080000, ABSOLUTE)

    Exec Addr    Load Addr    Size         Type   Attr      Idx    E Section Name        Object

    0x08000000   0x08000000   0x00000188   Data   RO            3    RESET               startup_stm32f407xx.o
    0x08000188   0x08000188   0x00000000   Code   RO         7199  * .ARM.Collect$$$$00000000  mc_w.l(entry.o)
    0x08000188   0x08000188   0x00000004   Code   RO         7528    .ARM.Collect$$$$00000001  mc_w.l(entry2.o)
    0x0800018c   0x0800018c   0x00000004   Code   RO         7531    .ARM.Collect$$$$00000004  mc_w.l(entry5.o)
    0x08000190   0x08000190   0x00000000   Code   RO         7533    .ARM.Collect$$$$00000008  mc_w.l(entry7b.o)
    0x08000190   0x08000190   0x00000000   Code   RO         7535    .ARM.Collect$$$$0000000A  mc_w.l(entry8b.o)
    0x08000190   0x08000190   0x00000008   Code   RO         7536    .ARM.Collect$$$$0000000B  mc_w.l(entry9a.o)
    0x08000198   0x08000198   0x00000004   Code   RO         7543    .ARM.Collect$$$$0000000E  mc_w.l(entry12b.o)
    0x0800019c   0x0800019c   0x00000000   Code   RO         7538    .ARM.Collect$$$$0000000F  mc_w.l(entry10a.o)
    0x0800019c   0x0800019c   0x00000000   Code   RO         7540    .ARM.Collect$$$$00000011  mc_w.l(entry11a.o)
    0x0800019c   0x0800019c   0x00000004   Code   RO         7529    .ARM.Collect$$$$00002712  mc_w.l(entry2.o)
    0x080001a0   0x080001a0   0x000000be   Code   RO         5456    .emb_text           port.o
    0x0800025e   0x0800025e   0x00000002   PAD
    0x08000260   0x08000260   0x00000024   Code   RO            4    .text               startup_stm32f407xx.o
    0x08000284   0x08000284   0x00000062   Code   RO         7205    .text               mc_w.l(uldiv.o)
    0x080002e6   0x080002e6   0x00000024   Code   RO         7210    .text               mc_w.l(memcpya.o)
    0x0800030a   0x0800030a   0x00000024   Code   RO         7214    .text               mc_w.l(memseta.o)
    0x0800032e   0x0800032e   0x0000000e   Code   RO         7216    .text               mc_w.l(strlen.o)
    0x0800033c   0x0800033c   0x00000012   Code   RO         7218    .text               mc_w.l(strcpy.o)
    0x0800034e   0x0800034e   0x000000e4   Code   RO         7487    .text               mf_w.l(dmul.o)
    0x08000432   0x08000432   0x000000de   Code   RO         7489    .text               mf_w.l(ddiv.o)
    0x08000510   0x08000510   0x00000032   Code   RO         7491    .text               mf_w.l(dfixui.o)
    0x08000542   0x08000542   0x00000026   Code   RO         7493    .text               mf_w.l(f2d.o)
    0x08000568   0x08000568   0x0000002c   Code   RO         7544    .text               mc_w.l(uidiv.o)
    0x08000594   0x08000594   0x0000001e   Code   RO         7546    .text               mc_w.l(llshl.o)
    0x080005b2   0x080005b2   0x00000020   Code   RO         7548    .text               mc_w.l(llushr.o)
    0x080005d2   0x080005d2   0x00000000   Code   RO         7584    .text               mc_w.l(iusefp.o)
    0x080005d2   0x080005d2   0x000000ba   Code   RO         7585    .text               mf_w.l(depilogue.o)
    0x0800068c   0x0800068c   0x0000014e   Code   RO         7587    .text               mf_w.l(dadd.o)
    0x080007da   0x080007da   0x00000030   Code   RO         7589    .text               mf_w.l(dfixul.o)
    0x0800080a   0x0800080a   0x00000002   PAD
    0x0800080c   0x0800080c   0x00000030   Code   RO         7591    .text               mf_w.l(cdrcmple.o)
    0x0800083c   0x0800083c   0x00000024   Code   RO         7625    .text               mc_w.l(init.o)
    0x08000860   0x08000860   0x00000024   Code   RO         7627    .text               mc_w.l(llsshr.o)
    0x08000884   0x08000884   0x00000056   Code   RO         7666    .text               mc_w.l(__dczerorl2.o)
    0x080008da   0x080008da   0x00000002   Code   RO          739    i.BusFault_Handler  stm32f4xx_it.o
    0x080008dc   0x080008dc   0x00000026   Code   RO         6579    i.DEBUG_D           debug_hal.o
    0x08000902   0x08000902   0x00000002   Code   RO          740    i.DebugMon_Handler  stm32f4xx_it.o
    0x08000904   0x08000904   0x00000004   Code   RO           13    i.Error_Handler     main_1.o
    0x08000908   0x08000908   0x00000020   Code   RO         1040    i.FLASH_Program_Byte  stm32f4xx_hal_flash.o
    0x08000928   0x08000928   0x0000002c   Code   RO         1041    i.FLASH_Program_DoubleWord  stm32f4xx_hal_flash.o
    0x08000954   0x08000954   0x00000024   Code   RO         1042    i.FLASH_Program_HalfWord  stm32f4xx_hal_flash.o
    0x08000978   0x08000978   0x00000024   Code   RO         1043    i.FLASH_Program_Word  stm32f4xx_hal_flash.o
    0x0800099c   0x0800099c   0x00000068   Code   RO         1044    i.FLASH_SetErrorCode  stm32f4xx_hal_flash.o
    0x08000a04   0x08000a04   0x00000050   Code   RO         1045    i.FLASH_WaitForLastOperation  stm32f4xx_hal_flash.o
    0x08000a54   0x08000a54   0x00000092   Code   RO         1346    i.HAL_DMA_Abort     stm32f4xx_hal_dma.o
    0x08000ae6   0x08000ae6   0x00000024   Code   RO         1347    i.HAL_DMA_Abort_IT  stm32f4xx_hal_dma.o
    0x08000b0a   0x08000b0a   0x00000002   PAD
    0x08000b0c   0x08000b0c   0x00000024   Code   RO         1765    i.HAL_Delay         stm32f4xx_hal.o
    0x08000b30   0x08000b30   0x00000014   Code   RO         1049    i.HAL_FLASH_Lock    stm32f4xx_hal_flash.o
    0x08000b44   0x08000b44   0x0000007c   Code   RO         1054    i.HAL_FLASH_Program  stm32f4xx_hal_flash.o
    0x08000bc0   0x08000bc0   0x0000002c   Code   RO         1056    i.HAL_FLASH_Unlock  stm32f4xx_hal_flash.o
    0x08000bec   0x08000bec   0x000001f0   Code   RO         1239    i.HAL_GPIO_Init     stm32f4xx_hal_gpio.o
    0x08000ddc   0x08000ddc   0x0000000a   Code   RO         1243    i.HAL_GPIO_WritePin  stm32f4xx_hal_gpio.o
    0x08000de6   0x08000de6   0x00000002   PAD
    0x08000de8   0x08000de8   0x0000000c   Code   RO         1771    i.HAL_GetTick       stm32f4xx_hal.o
    0x08000df4   0x08000df4   0x0000005a   Code   RO         2016    i.HAL_IWDG_Init     stm32f4xx_hal_iwdg.o
    0x08000e4e   0x08000e4e   0x0000000c   Code   RO         2017    i.HAL_IWDG_Refresh  stm32f4xx_hal_iwdg.o
    0x08000e5a   0x08000e5a   0x00000002   PAD
    0x08000e5c   0x08000e5c   0x00000010   Code   RO         1777    i.HAL_IncTick       stm32f4xx_hal.o
    0x08000e6c   0x08000e6c   0x0000002c   Code   RO         1778    i.HAL_Init          stm32f4xx_hal.o
    0x08000e98   0x08000e98   0x00000098   Code   RO          845    i.HAL_InitTick      stm32f4xx_hal_timebase_tim.o
    0x08000f30   0x08000f30   0x0000004c   Code   RO          821    i.HAL_MspInit       stm32f4xx_hal_msp.o
    0x08000f7c   0x08000f7c   0x0000001a   Code   RO         1628    i.HAL_NVIC_EnableIRQ  stm32f4xx_hal_cortex.o
    0x08000f96   0x08000f96   0x00000002   PAD
    0x08000f98   0x08000f98   0x00000040   Code   RO         1634    i.HAL_NVIC_SetPriority  stm32f4xx_hal_cortex.o
    0x08000fd8   0x08000fd8   0x00000024   Code   RO         1635    i.HAL_NVIC_SetPriorityGrouping  stm32f4xx_hal_cortex.o
    0x08000ffc   0x08000ffc   0x00000024   Code   RO         1636    i.HAL_NVIC_SystemReset  stm32f4xx_hal_cortex.o
    0x08001020   0x08001020   0x0000013c   Code   RO          990    i.HAL_RCCEx_PeriphCLKConfig  stm32f4xx_hal_rcc_ex.o
    0x0800115c   0x0800115c   0x00000134   Code   RO          885    i.HAL_RCC_ClockConfig  stm32f4xx_hal_rcc.o
    0x08001290   0x08001290   0x00000040   Code   RO          889    i.HAL_RCC_GetClockConfig  stm32f4xx_hal_rcc.o
    0x080012d0   0x080012d0   0x00000020   Code   RO          892    i.HAL_RCC_GetPCLK1Freq  stm32f4xx_hal_rcc.o
    0x080012f0   0x080012f0   0x00000020   Code   RO          893    i.HAL_RCC_GetPCLK2Freq  stm32f4xx_hal_rcc.o
    0x08001310   0x08001310   0x0000004c   Code   RO          894    i.HAL_RCC_GetSysClockFreq  stm32f4xx_hal_rcc.o
    0x0800135c   0x0800135c   0x0000036c   Code   RO          897    i.HAL_RCC_OscConfig  stm32f4xx_hal_rcc.o
    0x080016c8   0x080016c8   0x0000007e   Code   RO         2048    i.HAL_RNG_GenerateRandomNumber  stm32f4xx_hal_rng.o
    0x08001746   0x08001746   0x00000032   Code   RO         2055    i.HAL_RNG_Init      stm32f4xx_hal_rng.o
    0x08001778   0x08001778   0x00000028   Code   RO          536    i.HAL_RNG_MspInit   rng.o
    0x080017a0   0x080017a0   0x0000008c   Code   RO         2161    i.HAL_RTC_Init      stm32f4xx_hal_rtc.o
    0x0800182c   0x0800182c   0x00000038   Code   RO          578    i.HAL_RTC_MspInit   rtc.o
    0x08001864   0x08001864   0x00000098   Code   RO         2167    i.HAL_RTC_SetDate   stm32f4xx_hal_rtc.o
    0x080018fc   0x080018fc   0x000000c0   Code   RO         2168    i.HAL_RTC_SetTime   stm32f4xx_hal_rtc.o
    0x080019bc   0x080019bc   0x00000036   Code   RO         2169    i.HAL_RTC_WaitForSynchro  stm32f4xx_hal_rtc.o
    0x080019f2   0x080019f2   0x000000bc   Code   RO         2560    i.HAL_SPI_Init      stm32f4xx_hal_spi.o
    0x08001aae   0x08001aae   0x00000002   PAD
    0x08001ab0   0x08001ab0   0x000000b0   Code   RO          620    i.HAL_SPI_MspInit   spi.o
    0x08001b60   0x08001b60   0x000001e2   Code   RO         2569    i.HAL_SPI_TransmitReceive  stm32f4xx_hal_spi.o
    0x08001d42   0x08001d42   0x00000002   Code   RO         3577    i.HAL_TIMEx_BreakCallback  stm32f4xx_hal_tim_ex.o
    0x08001d44   0x08001d44   0x00000002   Code   RO         3578    i.HAL_TIMEx_CommutCallback  stm32f4xx_hal_tim_ex.o
    0x08001d46   0x08001d46   0x0000005a   Code   RO         2873    i.HAL_TIM_Base_Init  stm32f4xx_hal_tim.o
    0x08001da0   0x08001da0   0x00000002   Code   RO         2875    i.HAL_TIM_Base_MspInit  stm32f4xx_hal_tim.o
    0x08001da2   0x08001da2   0x00000002   PAD
    0x08001da4   0x08001da4   0x00000080   Code   RO         2878    i.HAL_TIM_Base_Start_IT  stm32f4xx_hal_tim.o
    0x08001e24   0x08001e24   0x00000002   Code   RO         2907    i.HAL_TIM_IC_CaptureCallback  stm32f4xx_hal_tim.o
    0x08001e26   0x08001e26   0x00000166   Code   RO         2921    i.HAL_TIM_IRQHandler  stm32f4xx_hal_tim.o
    0x08001f8c   0x08001f8c   0x00000002   Code   RO         2924    i.HAL_TIM_OC_DelayElapsedCallback  stm32f4xx_hal_tim.o
    0x08001f8e   0x08001f8e   0x00000002   Code   RO         2951    i.HAL_TIM_PWM_PulseFinishedCallback  stm32f4xx_hal_tim.o
    0x08001f90   0x08001f90   0x00000014   Code   RO           14    i.HAL_TIM_PeriodElapsedCallback  main_1.o
    0x08001fa4   0x08001fa4   0x00000002   Code   RO         2964    i.HAL_TIM_TriggerCallback  stm32f4xx_hal_tim.o
    0x08001fa6   0x08001fa6   0x00000002   Code   RO         3855    i.HAL_UARTEx_RxEventCallback  stm32f4xx_hal_uart.o
    0x08001fa8   0x08001fa8   0x00000002   Code   RO         3869    i.HAL_UART_ErrorCallback  stm32f4xx_hal_uart.o
    0x08001faa   0x08001faa   0x00000002   PAD
    0x08001fac   0x08001fac   0x00000268   Code   RO         3872    i.HAL_UART_IRQHandler  stm32f4xx_hal_uart.o
    0x08002214   0x08002214   0x00000062   Code   RO         3873    i.HAL_UART_Init     stm32f4xx_hal_uart.o
    0x08002276   0x08002276   0x00000002   PAD
    0x08002278   0x08002278   0x00000218   Code   RO          668    i.HAL_UART_MspInit  usart.o
    0x08002490   0x08002490   0x0000002a   Code   RO         3878    i.HAL_UART_Receive_IT  stm32f4xx_hal_uart.o
    0x080024ba   0x080024ba   0x00000002   PAD
    0x080024bc   0x080024bc   0x00000084   Code   RO         6980    i.HAL_UART_RxCpltCallback  serial_pipe_hal.o
    0x08002540   0x08002540   0x000000b2   Code   RO         3881    i.HAL_UART_Transmit  stm32f4xx_hal_uart.o
    0x080025f2   0x080025f2   0x00000002   Code   RO         3884    i.HAL_UART_TxCpltCallback  stm32f4xx_hal_uart.o
    0x080025f4   0x080025f4   0x00000004   Code   RO         5596    i.HW_IWDG_Init      iwdg_driver.o
    0x080025f8   0x080025f8   0x00000002   Code   RO          741    i.HardFault_Handler  stm32f4xx_it.o
    0x080025fa   0x080025fa   0x00000002   PAD
    0x080025fc   0x080025fc   0x0000000c   Code   RO         5597    i.IWDG_Reload       iwdg_driver.o
    0x08002608   0x08002608   0x00000086   Code   RO         6165    i.LoRaMac_ParserData  loramac_node.o
    0x0800268e   0x0800268e   0x00000076   Code   RO         6166    i.LoRaMac_SerializePacket  loramac_node.o
    0x08002704   0x08002704   0x00000040   Code   RO         6167    i.LoRaMac_SetUpACKMessage  loramac_node.o
    0x08002744   0x08002744   0x00000058   Code   RO         6168    i.LoRaMac_SetUpDataMessage  loramac_node.o
    0x0800279c   0x0800279c   0x000000f4   Code   RO          277    i.MX_GPIO_Init      gpio.o
    0x08002890   0x08002890   0x0000002c   Code   RO          505    i.MX_IWDG_Init      iwdg.o
    0x080028bc   0x080028bc   0x00000024   Code   RO          537    i.MX_RNG_Init       rng.o
    0x080028e0   0x080028e0   0x00000080   Code   RO          579    i.MX_RTC_Init       rtc.o
    0x08002960   0x08002960   0x00000044   Code   RO          621    i.MX_SPI1_Init      spi.o
    0x080029a4   0x080029a4   0x00000044   Code   RO          622    i.MX_SPI2_Init      spi.o
    0x080029e8   0x080029e8   0x00000038   Code   RO          669    i.MX_UART4_Init     usart.o
    0x08002a20   0x08002a20   0x00000038   Code   RO          670    i.MX_UART5_Init     usart.o
    0x08002a58   0x08002a58   0x00000038   Code   RO          671    i.MX_USART1_UART_Init  usart.o
    0x08002a90   0x08002a90   0x00000038   Code   RO          672    i.MX_USART2_UART_Init  usart.o
    0x08002ac8   0x08002ac8   0x00000038   Code   RO          673    i.MX_USART3_UART_Init  usart.o
    0x08002b00   0x08002b00   0x00000038   Code   RO          674    i.MX_USART6_UART_Init  usart.o
    0x08002b38   0x08002b38   0x00000002   Code   RO          742    i.MemManage_Handler  stm32f4xx_it.o
    0x08002b3a   0x08002b3a   0x00000002   Code   RO          743    i.NMI_Handler       stm32f4xx_it.o
    0x08002b3c   0x08002b3c   0x00000002   Code   RO          744    i.RCC_IRQHandler    stm32f4xx_it.o
    0x08002b3e   0x08002b3e   0x00000018   Code   RO         2171    i.RTC_ByteToBcd2    stm32f4xx_hal_rtc.o
    0x08002b56   0x08002b56   0x00000002   PAD
    0x08002b58   0x08002b58   0x00000048   Code   RO         2172    i.RTC_EnterInitMode  stm32f4xx_hal_rtc.o
    0x08002ba0   0x08002ba0   0x0000002a   Code   RO         2173    i.RTC_ExitInitMode  stm32f4xx_hal_rtc.o
    0x08002bca   0x08002bca   0x00000002   PAD
    0x08002bcc   0x08002bcc   0x00000058   Code   RO         2598    i.SPI_EndRxTxTransaction  stm32f4xx_hal_spi.o
    0x08002c24   0x08002c24   0x000000b8   Code   RO         2603    i.SPI_WaitFlagStateUntilTimeout  stm32f4xx_hal_spi.o
    0x08002cdc   0x08002cdc   0x000000cc   Code   RO         5818    i.Set_Default_System_Config  common.o
    0x08002da8   0x08002da8   0x00000012   Code   RO         5919    i.Sx127x_ClearFlagsReg  sx127x.o
    0x08002dba   0x08002dba   0x00000058   Code   RO         5920    i.Sx127x_InitModule  sx127x.o
    0x08002e12   0x08002e12   0x00000002   PAD
    0x08002e14   0x08002e14   0x0000004c   Code   RO         5921    i.Sx127x_Interface  sx127x.o
    0x08002e60   0x08002e60   0x00000024   Code   RO         5923    i.Sx127x_ReadReg    sx127x.o
    0x08002e84   0x08002e84   0x00000120   Code   RO         5924    i.Sx127x_ReceiveData  sx127x.o
    0x08002fa4   0x08002fa4   0x00000028   Code   RO         5925    i.Sx127x_Reset      sx127x.o
    0x08002fcc   0x08002fcc   0x000000f8   Code   RO         5926    i.Sx127x_SendData   sx127x.o
    0x080030c4   0x080030c4   0x0000006c   Code   RO         5927    i.Sx127x_SetFrequency  sx127x.o
    0x08003130   0x08003130   0x00000048   Code   RO         5928    i.Sx127x_SetLoRa    sx127x.o
    0x08003178   0x08003178   0x0000002c   Code   RO         5930    i.Sx127x_SetModeRx  sx127x.o
    0x080031a4   0x080031a4   0x00000022   Code   RO         5931    i.Sx127x_SetModeSleep  sx127x.o
    0x080031c6   0x080031c6   0x00000024   Code   RO         5932    i.Sx127x_SetModeStdby  sx127x.o
    0x080031ea   0x080031ea   0x0000002c   Code   RO         5933    i.Sx127x_SetModeTx  sx127x.o
    0x08003216   0x08003216   0x00000002   PAD
    0x08003218   0x08003218   0x00000048   Code   RO         5934    i.Sx127x_SetModemConfig  sx127x.o
    0x08003260   0x08003260   0x00000012   Code   RO         5935    i.Sx127x_SetNetworkId  sx127x.o
    0x08003272   0x08003272   0x00000032   Code   RO         5936    i.Sx127x_SetOpMode  sx127x.o
    0x080032a4   0x080032a4   0x00000024   Code   RO         5937    i.Sx127x_SetPreambleLength  sx127x.o
    0x080032c8   0x080032c8   0x0000006e   Code   RO         5938    i.Sx127x_SetTxPower  sx127x.o
    0x08003336   0x08003336   0x00000020   Code   RO         5940    i.Sx127x_WriteReg   sx127x.o
    0x08003356   0x08003356   0x00000002   PAD
    0x08003358   0x08003358   0x0000002c   Code   RO         5457    i.SysTick_Handler   port.o
    0x08003384   0x08003384   0x00000010   Code   RO         4202    i.SystemInit        system_stm32f4xx.o
    0x08003394   0x08003394   0x0000000c   Code   RO          745    i.TIM6_DAC_IRQHandler  stm32f4xx_it.o
    0x080033a0   0x080033a0   0x000000c8   Code   RO         2966    i.TIM_Base_SetConfig  stm32f4xx_hal_tim.o
    0x08003468   0x08003468   0x00000014   Code   RO         5727    i.UART3_Send        uart1_driver.o
    0x0800347c   0x0800347c   0x00000010   Code   RO         3886    i.UART_DMAAbortOnError  stm32f4xx_hal_uart.o
    0x0800348c   0x0800348c   0x0000004e   Code   RO         3896    i.UART_EndRxTransfer  stm32f4xx_hal_uart.o
    0x080034da   0x080034da   0x000000c0   Code   RO         3898    i.UART_Receive_IT   stm32f4xx_hal_uart.o
    0x0800359a   0x0800359a   0x00000002   PAD
    0x0800359c   0x0800359c   0x0000010c   Code   RO         3899    i.UART_SetConfig    stm32f4xx_hal_uart.o
    0x080036a8   0x080036a8   0x0000003a   Code   RO         3901    i.UART_Start_Receive_IT  stm32f4xx_hal_uart.o
    0x080036e2   0x080036e2   0x00000078   Code   RO         3902    i.UART_WaitOnFlagUntilTimeout  stm32f4xx_hal_uart.o
    0x0800375a   0x0800375a   0x00000002   PAD
    0x0800375c   0x0800375c   0x0000000c   Code   RO          746    i.USART3_IRQHandler  stm32f4xx_it.o
    0x08003768   0x08003768   0x0000000c   Code   RO          747    i.USART6_IRQHandler  stm32f4xx_it.o
    0x08003774   0x08003774   0x00000002   Code   RO          748    i.UsageFault_Handler  stm32f4xx_it.o
    0x08003776   0x08003776   0x00000002   PAD
    0x08003778   0x08003778   0x000001dc   Code   RO         6316    i._Z15LoRaSV_RxHandlePhh  task_lora.o
    0x08003954   0x08003954   0x000003fc   Code   RO         6317    i._Z16LoRa_MainProcessv  task_lora.o
    0x08003d50   0x08003d50   0x0000002c   Code   RO         6448    i._Z16task_sysWatchDogPv  task_watchdog.o
    0x08003d7c   0x08003d7c   0x00000024   Code   RO         6318    i._Z18DetectorBuff_Resetv  task_lora.o
    0x08003da0   0x08003da0   0x00000094   Code   RO           15    i._Z18SystemClock_Configv  main_1.o
    0x08003e34   0x08003e34   0x0000000e   Code   RO         6319    i._Z26LoRaNodeSV_SendData_NormalP8Sx127x_tPKhtt  task_lora.o
    0x08003e42   0x08003e42   0x00000002   PAD
    0x08003e44   0x08003e44   0x00000074   Code   RO         6320    i._Z9Task_LoRaPv    task_lora.o
    0x08003eb8   0x08003eb8   0x00000020   Code   RO         7455    i.__0printf         mc_w.l(printfa.o)
    0x08003ed8   0x08003ed8   0x00000024   Code   RO         7461    i.__0vsprintf       mc_w.l(printfa.o)
    0x08003efc   0x08003efc   0x00000020   Code   RO         1641    i.__NVIC_SetPriority  stm32f4xx_hal_cortex.o
    0x08003f1c   0x08003f1c   0x0000000e   Code   RO         7660    i.__scatterload_copy  mc_w.l(handlers.o)
    0x08003f2a   0x08003f2a   0x00000002   Code   RO         7661    i.__scatterload_null  mc_w.l(handlers.o)
    0x08003f2c   0x08003f2c   0x0000000e   Code   RO         7662    i.__scatterload_zeroinit  mc_w.l(handlers.o)
    0x08003f3a   0x08003f3a   0x00000002   PAD
    0x08003f3c   0x08003f3c   0x00000184   Code   RO         7462    i._fp_digits        mc_w.l(printfa.o)
    0x080040c0   0x080040c0   0x000006b4   Code   RO         7463    i._printf_core      mc_w.l(printfa.o)
    0x08004774   0x08004774   0x00000024   Code   RO         7464    i._printf_post_padding  mc_w.l(printfa.o)
    0x08004798   0x08004798   0x0000002e   Code   RO         7465    i._printf_pre_padding  mc_w.l(printfa.o)
    0x080047c6   0x080047c6   0x0000000a   Code   RO         7467    i._sputc            mc_w.l(printfa.o)
    0x080047d0   0x080047d0   0x00000018   Code   RO         6653    i.fputc             serial_debug.o
    0x080047e8   0x080047e8   0x000000fc   Code   RO           16    i.main              main_1.o
    0x080048e4   0x080048e4   0x0000000e   Code   RO         5024    i.osDelay           cmsis_os.o
    0x080048f2   0x080048f2   0x0000000a   Code   RO         5027    i.osKernelStart     cmsis_os.o
    0x080048fc   0x080048fc   0x00000070   Code   RO         4704    i.prvAddCurrentTaskToDelayedList  tasks.o
    0x0800496c   0x0800496c   0x000000d0   Code   RO         4705    i.prvAddNewTaskToReadyList  tasks.o
    0x08004a3c   0x08004a3c   0x00000034   Code   RO         4706    i.prvDeleteTCB      tasks.o
    0x08004a70   0x08004a70   0x0000004c   Code   RO         5389    i.prvHeapInit       heap_4.o
    0x08004abc   0x08004abc   0x00000060   Code   RO         4707    i.prvIdleTask       tasks.o
    0x08004b1c   0x08004b1c   0x00000098   Code   RO         4708    i.prvInitialiseNewTask  tasks.o
    0x08004bb4   0x08004bb4   0x0000004c   Code   RO         5390    i.prvInsertBlockIntoFreeList  heap_4.o
    0x08004c00   0x08004c00   0x00000020   Code   RO         4709    i.prvResetNextTaskUnblockTime  tasks.o
    0x08004c20   0x08004c20   0x00000028   Code   RO         5458    i.prvTaskExitError  port.o
    0x08004c48   0x08004c48   0x000000dc   Code   RO         5391    i.pvPortMalloc      heap_4.o
    0x08004d24   0x08004d24   0x0000002c   Code   RO         5459    i.pxPortInitialiseStack  port.o
    0x08004d50   0x08004d50   0x00000028   Code   RO         6895    i.rand1             misc.o
    0x08004d78   0x08004d78   0x0000001a   Code   RO         6896    i.randr             misc.o
    0x08004d92   0x08004d92   0x00000002   PAD
    0x08004d94   0x08004d94   0x0000000c   Code   RO         6897    i.srand1            misc.o
    0x08004da0   0x08004da0   0x00000026   Code   RO         4340    i.uxListRemove      list.o
    0x08004dc6   0x08004dc6   0x00000002   PAD
    0x08004dc8   0x08004dc8   0x00000014   Code   RO          418    i.vApplicationGetIdleTaskMemory  freertos.o
    0x08004ddc   0x08004ddc   0x00000016   Code   RO         4341    i.vListInitialise   list.o
    0x08004df2   0x08004df2   0x00000006   Code   RO         4342    i.vListInitialiseItem  list.o
    0x08004df8   0x08004df8   0x00000030   Code   RO         4343    i.vListInsert       list.o
    0x08004e28   0x08004e28   0x00000018   Code   RO         4344    i.vListInsertEnd    list.o
    0x08004e40   0x08004e40   0x00000040   Code   RO         5461    i.vPortEnterCritical  port.o
    0x08004e80   0x08004e80   0x00000028   Code   RO         5462    i.vPortExitCritical  port.o
    0x08004ea8   0x08004ea8   0x00000064   Code   RO         5392    i.vPortFree         heap_4.o
    0x08004f0c   0x08004f0c   0x00000024   Code   RO         5463    i.vPortSetupTimerInterrupt  port.o
    0x08004f30   0x08004f30   0x0000004c   Code   RO         4718    i.vTaskDelay        tasks.o
    0x08004f7c   0x08004f7c   0x0000006c   Code   RO         4731    i.vTaskStartScheduler  tasks.o
    0x08004fe8   0x08004fe8   0x00000010   Code   RO         4733    i.vTaskSuspendAll   tasks.o
    0x08004ff8   0x08004ff8   0x0000005c   Code   RO         4734    i.vTaskSwitchContext  tasks.o
    0x08005054   0x08005054   0x000000f4   Code   RO         5465    i.xPortStartScheduler  port.o
    0x08005148   0x08005148   0x0000005a   Code   RO         4737    i.xTaskCreate       tasks.o
    0x080051a2   0x080051a2   0x00000056   Code   RO         4738    i.xTaskCreateStatic  tasks.o
    0x080051f8   0x080051f8   0x000000cc   Code   RO         4745    i.xTaskIncrementTick  tasks.o
    0x080052c4   0x080052c4   0x000000c4   Code   RO         4751    i.xTaskResumeAll    tasks.o
    0x08005388   0x08005388   0x00000010   Data   RO         4203    .constdata          system_stm32f4xx.o
    0x08005398   0x08005398   0x00000008   Data   RO         4204    .constdata          system_stm32f4xx.o
    0x080053a0   0x080053a0   0x0000000f   Data   RO         5941    .constdata          sx127x.o
    0x080053af   0x080053af   0x00000001   PAD
    0x080053b0   0x080053b0   0x00000020   Data   RO         7658    Region$$Table       anon$$obj.o


    Execution Region RW_IRAM1 (Exec base: 0x20000000, Load base: 0x080053d0, Size: 0x00004be8, Max: 0x00020000, ABSOLUTE, COMPRESSED[0x00000068])

    Exec Addr    Load Addr    Size         Type   Attr      Idx    E Section Name        Object

    0x20000000   COMPRESSED   0x00000002   Data   RW           21    .data               main_1.o
    0x20000002   COMPRESSED   0x00000002   PAD
    0x20000004   COMPRESSED   0x0000000c   Data   RW         1785    .data               stm32f4xx_hal.o
    0x20000010   COMPRESSED   0x00000004   Data   RW         4205    .data               system_stm32f4xx.o
    0x20000014   COMPRESSED   0x0000003c   Data   RW         4754    .data               tasks.o
    0x20000050   COMPRESSED   0x00000020   Data   RW         5398    .data               heap_4.o
    0x20000070   COMPRESSED   0x0000000c   Data   RW         5466    .data               port.o
    0x2000007c   COMPRESSED   0x00000004   Data   RW         6089    .data               sx127x_cfg.o
    0x20000080   COMPRESSED   0x00000020   Data   RW         6090    .data               sx127x_cfg.o
    0x200000a0   COMPRESSED   0x00000208   Data   RW         6226    .data               loramac_node_cfg.o
    0x200002a8   COMPRESSED   0x000000a4   Data   RW         6327    .data               task_lora.o
    0x2000034c   COMPRESSED   0x00000004   Data   RW         6898    .data               misc.o
    0x20000350   COMPRESSED   0x00000002   Data   RW         6998    .data               serial_pipe_hal.o
    0x20000352   COMPRESSED   0x00000002   PAD
    0x20000354   COMPRESSED   0x00000004   Data   RW         7204    .data               mc_w.l(stdout.o)
    0x20000358        -       0x00000254   Zero   RW          419    .bss                freertos.o
    0x200005ac        -       0x0000000c   Zero   RW          506    .bss                iwdg.o
    0x200005b8        -       0x00000010   Zero   RW          538    .bss                rng.o
    0x200005c8        -       0x00000020   Zero   RW          580    .bss                rtc.o
    0x200005e8        -       0x000000b0   Zero   RW          623    .bss                spi.o
    0x20000698        -       0x00000198   Zero   RW          675    .bss                usart.o
    0x20000830        -       0x00000048   Zero   RW          848    .bss                stm32f4xx_hal_timebase_tim.o
    0x20000878        -       0x00000020   Zero   RW         1057    .bss                stm32f4xx_hal_flash.o
    0x20000898        -       0x000000f0   Zero   RW         4753    .bss                tasks.o
    0x20000988        -       0x00003c00   Zero   RW         5397    .bss                heap_4.o
    0x20004588        -       0x000000cb   Zero   RW         5819    .bss                common.o
    0x20004653        -       0x0000012c   Zero   RW         6326    .bss                task_lora.o
    0x2000477f        -       0x00000064   Zero   RW         6996    .bss                serial_pipe_hal.o
    0x200047e3   COMPRESSED   0x00000005   PAD
    0x200047e8        -       0x00000400   Zero   RW            1    STACK               startup_stm32f407xx.o


==============================================================================

Image component sizes


      Code (inc. data)   RO Data    RW Data    ZI Data      Debug   Object Name

        24          0          0          0          0      22372   cmsis_os.o
       204         26          0          0        203       4038   common.o
        38          0          0          0          0       2366   debug_hal.o
         0          0          0          0          0      17168   event_groups.o
        20          4          0          0        596      33892   freertos.o
       244         18          0          0          0     717823   gpio.o
       472         24          0         32      15360       7927   heap_4.o
        44          8          0          0         12        859   iwdg.o
        16          6          0          0          0       1093   iwdg_driver.o
       138          0          0          0          0       3986   list.o
       404          8          0          0          0       6628   loramac_node.o
         0          0          0        520          0       2921   loramac_node_cfg.o
       424        130          0          2          0     695380   main_1.o
        78         16          0          4          0       2627   misc.o
       702         72          0         12          0      11804   port.o
        76         18          0          0         16       1783   rng.o
       184         16          0          0         32       1915   rtc.o
        24          6          0          0          0       1876   serial_debug.o
       132         18          0          2        100       2149   serial_pipe_hal.o
       312         38          0          0        176       2710   spi.o
        36          8        392          0       1024        908   startup_stm32f407xx.o
       108         18          0         12          0       9222   stm32f4xx_hal.o
       194         24          0          0          0      34209   stm32f4xx_hal_cortex.o
       182          0          0          0          0       2319   stm32f4xx_hal_dma.o
       520         66          0          0         32       7402   stm32f4xx_hal_flash.o
       506         46          0          0          0       2416   stm32f4xx_hal_gpio.o
       102          0          0          0          0       2111   stm32f4xx_hal_iwdg.o
        76          6          0          0          0       1002   stm32f4xx_hal_msp.o
      1388         84          0          0          0       6361   stm32f4xx_hal_rcc.o
       316         20          0          0          0       1536   stm32f4xx_hal_rcc_ex.o
       176          0          0          0          0       2230   stm32f4xx_hal_rng.o
       676         16          0          0          0       6679   stm32f4xx_hal_rtc.o
       942         12          0          0          0       5281   stm32f4xx_hal_spi.o
       786         72          0          0          0       8096   stm32f4xx_hal_tim.o
         4          0          0          0          0       1825   stm32f4xx_hal_tim_ex.o
       152         20          0          0         72       1675   stm32f4xx_hal_timebase_tim.o
      1672         16          0          0          0      12424   stm32f4xx_hal_uart.o
        50         18          0          0          0       5304   stm32f4xx_it.o
         0          0          0          0          0        384   stream_buffer.o
      1450         26         15          0          0      19774   sx127x.o
         0          0          0         36          0        357   sx127x_cfg.o
        16          4         24          4          0       1323   system_stm32f4xx.o
      1662        700          0        164        300      12267   task_lora.o
        44          6          0          0          0        627   task_watchdog.o
      1520        112          0         60        240      20730   tasks.o
        20          6          0          0          0        633   uart1_driver.o
       872         94          0          0        408       5811   usart.o

    ----------------------------------------------------------------------
     17050       1782        464        852      18576    1714223   Object Totals
         0          0         32          0          0          0   (incl. Generated)
        44          0          1          4          5          0   (incl. Padding)

    ----------------------------------------------------------------------

      Code (inc. data)   RO Data    RW Data    ZI Data      Debug   Library Member Name

        86          0          0          0          0          0   __dczerorl2.o
         0          0          0          0          0          0   entry.o
         0          0          0          0          0          0   entry10a.o
         0          0          0          0          0          0   entry11a.o
         4          0          0          0          0          0   entry12b.o
         8          4          0          0          0          0   entry2.o
         4          0          0          0          0          0   entry5.o
         0          0          0          0          0          0   entry7b.o
         0          0          0          0          0          0   entry8b.o
         8          4          0          0          0          0   entry9a.o
        30          0          0          0          0          0   handlers.o
        36          8          0          0          0         68   init.o
         0          0          0          0          0          0   iusefp.o
        30          0          0          0          0         68   llshl.o
        36          0          0          0          0         68   llsshr.o
        32          0          0          0          0         68   llushr.o
        36          0          0          0          0         68   memcpya.o
        36          0          0          0          0        108   memseta.o
      2264         96          0          0          0        612   printfa.o
         0          0          0          4          0          0   stdout.o
        18          0          0          0          0         68   strcpy.o
        14          0          0          0          0         68   strlen.o
        44          0          0          0          0         80   uidiv.o
        98          0          0          0          0         92   uldiv.o
        48          0          0          0          0         68   cdrcmple.o
       334          0          0          0          0        148   dadd.o
       222          0          0          0          0        100   ddiv.o
       186          0          0          0          0        176   depilogue.o
        50          0          0          0          0         76   dfixui.o
        48          0          0          0          0         68   dfixul.o
       228          0          0          0          0         96   dmul.o
        38          0          0          0          0         68   f2d.o

    ----------------------------------------------------------------------
      3942        112          0          4          0       2168   Library Totals
         4          0          0          0          0          0   (incl. Padding)

    ----------------------------------------------------------------------

      Code (inc. data)   RO Data    RW Data    ZI Data      Debug   Library Name

      2784        112          0          4          0       1368   mc_w.l
      1154          0          0          0          0        800   mf_w.l

    ----------------------------------------------------------------------
      3942        112          0          4          0       2168   Library Totals

    ----------------------------------------------------------------------

==============================================================================


      Code (inc. data)   RO Data    RW Data    ZI Data      Debug   

     20992       1894        464        856      18576    1698831   Grand Totals
     20992       1894        464        104      18576    1698831   ELF Image Totals (compressed)
     20992       1894        464        104          0          0   ROM Totals

==============================================================================

    Total RO  Size (Code + RO Data)                21456 (  20.95kB)
    Total RW  Size (RW Data + ZI Data)             19432 (  18.98kB)
    Total ROM Size (Code + RO Data + RW Data)      21560 (  21.05kB)

==============================================================================

