<html>
<body>
<pre>
<h1>µVision Build Log</h1>
<h2>Tool Versions:</h2>
IDE-Version: µVision V5.38.0.0
Copyright (C) 2022 ARM Ltd and ARM Germany GmbH. All rights reserved.
License Information: a Huu, sanslab, LIC=TIVNB-2P2VI-LQD0Q-NR2AD-TP518-TRZFA
 
Tool Versions:
Toolchain:       MDK-ARM Plus  Version: 5.38.0.0
Toolchain Path:  C:\Keil_v5\ARM\v5\Bin
C Compiler:      Armcc.exe V5.06 update 7 (build 960)
Assembler:       Armasm.exe V5.06 update 7 (build 960)
Linker/Locator:  ArmLink.exe V5.06 update 7 (build 960)
Library Manager: ArmAr.exe V5.06 update 7 (build 960)
Hex Converter:   FromElf.exe V5.06 update 7 (build 960)
CPU DLL:         SARMCM3.DLL V5.38.0.0
Dialog DLL:      DCM.DLL V1.17.5.0
Target DLL:      STLink\ST-LINKIII-KEIL_SWO.dll V3.1.0.0
Dialog DLL:      TCM.DLL V1.56.4.0
 
<h2>Project:</h2>
C:\Users\ByNG\OneDrive - Hanoi University of Science and Technology\Notebooks\Lab\NguyenHuuBinh\DATN\Node_2024\MDK-ARM\Node_2024.uvprojx
Project File Date:  06/12/2024

<h2>Output:</h2>
*** Using Compiler 'V5.06 update 7 (build 960)', folder: 'C:\Keil_v5\ARM\v5\Bin'
*** Warning: You are compiling one or more files of source type C++ and have selected 'use MicroLIB'. MicroLIB does not support C++!
  
Rebuild target 'Node_2024'
Note: source file '..\Src\main.c' - object file renamed from 'Node_2024\main.o' to 'Node_2024\main_1.o'.
assembling startup_stm32f407xx.s...
compiling iwdg.c...
compiling rng.c...
compiling gpio.c...
compiling rtc.c...
compiling spi.c...
compiling freertos.c...
compiling main.c...
compiling stm32f4xx_it.c...
compiling stm32f4xx_hal_timebase_tim.c...
compiling stm32f4xx_hal_flash.c...
compiling stm32f4xx_hal_msp.c...
compiling usart.c...
compiling stm32f4xx_hal_rcc_ex.c...
compiling stm32f4xx_hal_rcc.c...
compiling stm32f4xx_hal_flash_ramfunc.c...
compiling stm32f4xx_hal_dma.c...
compiling stm32f4xx_hal_pwr_ex.c...
compiling stm32f4xx_hal_pwr.c...
compiling stm32f4xx_hal_gpio.c...
compiling stm32f4xx_hal_flash_ex.c...
compiling stm32f4xx_hal_dma_ex.c...
compiling stm32f4xx_hal_rng.c...
compiling stm32f4xx_hal_exti.c...
compiling stm32f4xx_hal_iwdg.c...
compiling stm32f4xx_hal_cortex.c...
compiling stm32f4xx_hal.c...
compiling stm32f4xx_hal_rtc_ex.c...
compiling stm32f4xx_hal_rtc.c...
compiling croutine.c...
compiling list.c...
compiling event_groups.c...
compiling stream_buffer.c...
compiling queue.c...
compiling timers.c...
compiling tasks.c...
compiling cmsis_os.c...
compiling heap_4.c...
compiling port.c...
compiling system_stm32f4xx.c...
compiling stm32f4xx_hal_tim_ex.c...
compiling stm32f4xx_hal_spi.c...
compiling stm32f4xx_hal_uart.c...
compiling gpio_driver.c...
compiling stm32f4xx_hal_tim.c...
compiling iwdg_driver.c...
compiling spi1_driver.c...
compiling uart2_driver.c...
compiling systick_driver.c...
compiling uart1_driver.c...
compiling Circular_Buffer.c...
compiling Circular_Buffer_Cfg.c...
..\USER_CODE\Utilities\Data_Queue\CircularBuffer_FIFO\cfg\Circular_Buffer_Cfg.c(22): warning:  #1-D: last line of file ends without a newline
  //};
..\USER_CODE\Utilities\Data_Queue\CircularBuffer_FIFO\cfg\Circular_Buffer_Cfg.c: 1 warning, 0 errors
compiling pinmap.c...
compiling common.c...
compiling sx127x.c...
..\USER_CODE\Drivers\Devices\Sx127x\sx127x.c(335): warning:  #1035-D: single-precision operand implicitly converted to double-precision
  	uint32_t frf = (centre * 1000000.0) / SX127X_FSTEP; // Frf = FRF / FSTEP
..\USER_CODE\Drivers\Devices\Sx127x\sx127x.c(518): warning:  #177-D: function "Sx127x_GetPaSelect"  was declared but never referenced
  static uint8_t Sx127x_GetPaSelect(int8_t power)
..\USER_CODE\Drivers\Devices\Sx127x\sx127x.c: 2 warnings, 0 errors
compiling sx127x_cfg.c...
..\USER_CODE\Drivers\Devices\Sx127x\cfg\sx127x_cfg.c(8): warning:  #144-D: a value of type "void *" cannot be used to initialize an entity of type "SPI_Write_Read"
  	(void *) HAL_SPI_TransmitReceive,
..\USER_CODE\Drivers\Devices\Sx127x\cfg\sx127x_cfg.c: 1 warning, 0 errors
compiling task_InterBoard.cpp...
compiling LoRaMac_Node.c...
..\USER_CODE\Apps\LoRaMac_Node\LoRaMac_Node.c(120): warning:  #61-D: integer operation result is out of range
    data_msg->FHDR.DevAddr = DEV_ADDR;
..\USER_CODE\Apps\LoRaMac_Node\LoRaMac_Node.c(154): warning:  #61-D: integer operation result is out of range
    ack_msg->FHDR.DevAddr = DEV_ADDR;
..\USER_CODE\Apps\LoRaMac_Node\LoRaMac_Node.c(169): warning:  #1-D: last line of file ends without a newline
  }
..\USER_CODE\Apps\LoRaMac_Node\LoRaMac_Node.c: 3 warnings, 0 errors
compiling task_watchdog.cpp...
compiling debug_hal.c...
..\USER_CODE\Utilities\Debug\SerialType1\debug_hal.c(50): warning:  #223-D: function "vsprintf" declared implicitly
  	len = vsprintf((char *)&buffer[0], (char const *)format, vArgs);
..\USER_CODE\Utilities\Debug\SerialType1\debug_hal.c(57): warning:  #223-D: function "UART3_Send" declared implicitly
  	UART3_Send(buffer, len);
..\USER_CODE\Utilities\Debug\SerialType1\debug_hal.c: 2 warnings, 0 errors
compiling LoRaMac_Node_Cfg.c...
..\USER_CODE\Apps\LoRaMac_Node\cfg\LoRaMac_Node_Cfg.c(8): warning:  #61-D: integer operation result is out of range
  		DEV_ADDR, \
..\USER_CODE\Apps\LoRaMac_Node\cfg\LoRaMac_Node_Cfg.c: 1 warning, 0 errors
compiling task_LoRa.cpp...
..\USER_CODE\Apps\Tasks\task_LoRa.cpp(212): warning:  #177-D: variable "ret"  was declared but never referenced
  	Std_ReturnType ret = STD_NOT_OK;
..\USER_CODE\Apps\Tasks\task_LoRa.cpp(239): warning:  #61-D: integer operation result is out of range
  	if(macMsgData.FHDR.DevAddr != DEV_ADDR)
..\USER_CODE\Apps\Tasks\task_LoRa.cpp(223): warning:  #177-D: variable "pktHeaderLen"  was declared but never referenced
  	uint8_t pktHeaderLen = 0;
..\USER_CODE\Apps\Tasks\task_LoRa.cpp(659): warning:  #1-D: last line of file ends without a newline
  }
..\USER_CODE\Apps\Tasks\task_LoRa.cpp(69): warning:  #177-D: variable "next"  was declared but never referenced
  static uint32_t next = 1;
..\USER_CODE\Apps\Tasks\task_LoRa.cpp(100): warning:  #177-D: function "hal_sleep"  was declared but never referenced
  static void hal_sleep(void);
..\USER_CODE\Apps\Tasks\task_LoRa.cpp(178): warning:  #177-D: function "LoRaNodeSV_SendData_CSMA"  was declared but never referenced
  static Std_ReturnType LoRaNodeSV_SendData_CSMA(Sx127x_t *sx127x, const uint8_t* data, uint16_t len, uint16_t backoff_time, uint16_t tx_timeout, uint16_t cad_timeout)
..\USER_CODE\Apps\Tasks\task_LoRa.cpp(210): warning:  #177-D: function "LoRaSV_SendACK"  was declared but never referenced
  static Std_ReturnType LoRaSV_SendACK(void)
..\USER_CODE\Apps\Tasks\task_LoRa.cpp(340): warning:  #177-D: function "Enter_SleepMode"  was declared but never referenced
  static void Enter_SleepMode(void)
..\USER_CODE\Apps\Tasks\task_LoRa.cpp(352): warning:  #177-D: function "enter_Standby"  was declared but never referenced
  static void enter_Standby( void )
..\USER_CODE\Apps\Tasks\task_LoRa.cpp: 10 warnings, 0 errors
compiling Serial_Debug.c...
compiling Misc.c...
compiling serial_pipe_hal.cpp...
..\USER_CODE\Utilities\Serial_Pipe\serial_pipe_hal.cpp(63): warning:  #174-D: expression has no effect
  	__HAL_UART_FLUSH_DRREGISTER(UartHandle); // Clear the buffer to prevent overrun
..\USER_CODE\Utilities\Serial_Pipe\serial_pipe_hal.cpp(156): warning:  #1-D: last line of file ends without a newline
  }
..\USER_CODE\Utilities\Serial_Pipe\serial_pipe_hal.cpp: 2 warnings, 0 errors
compiling sensor_serial_hal.cpp...
..\USER_CODE\Drivers\Devices\Sensor_SerialPipe\sensor_serial_hal.cpp(20): warning:  #174-D: expression has no effect
    __HAL_UART_FLUSH_DRREGISTER(&huart4);
..\USER_CODE\Drivers\Devices\Sensor_SerialPipe\sensor_serial_hal.cpp: 1 warning, 0 errors
linking...
Program Size: Code=20992 RO-data=464 RW-data=856 ZI-data=18576  
FromELF: creating hex file...
"Node_2024\Node_2024.axf" - 0 Error(s), 23 Warning(s).

<h2>Software Packages used:</h2>

Package Vendor: ARM
                http://www.keil.com/pack/ARM.CMSIS.5.9.0.pack
                ARM.CMSIS.5.9.0
                CMSIS (Common Microcontroller Software Interface Standard)
   * Component: CORE Version: 5.6.0

Package Vendor: Keil
                https://www.keil.com/pack/Keil.STM32F4xx_DFP.2.17.1.pack
                Keil.STM32F4xx_DFP.2.17.1
                STMicroelectronics STM32F4 Series Device Support, Drivers and Examples

<h2>Collection of Component include folders:</h2>
  ./RTE/_Node_2024
  C:/Users/ByNG/AppData/Local/Arm/Packs/ARM/CMSIS/5.9.0/CMSIS/Core/Include
  C:/Users/ByNG/AppData/Local/Arm/Packs/Keil/STM32F4xx_DFP/2.17.1/Drivers/CMSIS/Device/ST/STM32F4xx/Include

<h2>Collection of Component Files used:</h2>

   * Component: ARM::CMSIS:CORE:5.6.0
Build Time Elapsed:  00:01:20
</pre>
</body>
</html>
